[36m[1minfo[22m[39m [0mA dev server is already running for this project on port 8082.[0m
[36m[1minfo[22m[39m [0mInstalling the app...[0m
> Task :gradle-plugin:settings-plugin:checkKotlinGradlePluginConfigurationErrors SKIPPED
> Task :gradle-plugin:shared:checkKotlinGradlePluginConfigurationErrors SKIPPED
> Task :gradle-plugin:shared:compileKotlin UP-TO-DATE
> Task :gradle-plugin:shared:compileJava NO-SOURCE
> Task :gradle-plugin:shared:processResources NO-SOURCE
> Task :gradle-plugin:shared:classes UP-TO-DATE
> Task :gradle-plugin:shared:jar UP-TO-DATE
> Task :gradle-plugin:settings-plugin:compileKotlin UP-TO-DATE
> Task :gradle-plugin:settings-plugin:compileJava NO-SOURCE
> Task :gradle-plugin:settings-plugin:pluginDescriptors UP-TO-DATE
> Task :gradle-plugin:settings-plugin:processResources UP-TO-DATE
> Task :gradle-plugin:settings-plugin:classes UP-TO-DATE
> Task :gradle-plugin:settings-plugin:jar UP-TO-DATE
> Task :gradle-plugin:react-native-gradle-plugin:checkKotlinGradlePluginConfigurationErrors SKIPPED
> Task :gradle-plugin:react-native-gradle-plugin:compileKotlin UP-TO-DATE
> Task :gradle-plugin:react-native-gradle-plugin:compileJava NO-SOURCE
> Task :gradle-plugin:react-native-gradle-plugin:pluginDescriptors UP-TO-DATE
> Task :gradle-plugin:react-native-gradle-plugin:processResources UP-TO-DATE
> Task :gradle-plugin:react-native-gradle-plugin:classes UP-TO-DATE
> Task :gradle-plugin:react-native-gradle-plugin:jar UP-TO-DATE
> Task :app:checkKotlinGradlePluginConfigurationErrors SKIPPED
> Task :app:generateAutolinkingNewArchitectureFiles UP-TO-DATE
> Task :app:generateAutolinkingPackageList UP-TO-DATE
> Task :app:generateCodegenSchemaFromJavaScript SKIPPED
> Task :app:generateCodegenArtifactsFromSchema SKIPPED
> Task :app:generateReactNativeEntryPoint UP-TO-DATE
> Task :react-native-config:generateCodegenSchemaFromJavaScript UP-TO-DATE
> Task :react-native-config:generateCodegenArtifactsFromSchema UP-TO-DATE
> Task :react-native-config:preBuild UP-TO-DATE
> Task :react-native-documents_picker:generateCodegenSchemaFromJavaScript UP-TO-DATE
> Task :react-native-documents_picker:generateCodegenArtifactsFromSchema UP-TO-DATE
> Task :react-native-documents_picker:preBuild UP-TO-DATE
> Task :react-native-encrypted-storage:preBuild UP-TO-DATE
> Task :react-native-gesture-handler:generateCodegenSchemaFromJavaScript UP-TO-DATE
> Task :react-native-gesture-handler:generateCodegenArtifactsFromSchema UP-TO-DATE
> Task :react-native-gesture-handler:preBuild UP-TO-DATE
> Task :react-native-linear-gradient:preBuild UP-TO-DATE
> Task :react-native-reanimated:assertMinimalReactNativeVersionTask
> Task :react-native-reanimated:assertNewArchitectureEnabledTask SKIPPED
> Task :react-native-reanimated:assertWorkletsVersionTask
> Task :react-native-reanimated:generateCodegenSchemaFromJavaScript UP-TO-DATE
> Task :react-native-reanimated:generateCodegenArtifactsFromSchema UP-TO-DATE
> Task :react-native-reanimated:prepareReanimatedHeadersForPrefabs UP-TO-DATE
> Task :react-native-reanimated:preBuild
> Task :react-native-safe-area-context:generateCodegenSchemaFromJavaScript UP-TO-DATE
> Task :react-native-safe-area-context:generateCodegenArtifactsFromSchema UP-TO-DATE
> Task :react-native-safe-area-context:preBuild UP-TO-DATE
> Task :react-native-screens:generateCodegenSchemaFromJavaScript UP-TO-DATE
> Task :react-native-screens:generateCodegenArtifactsFromSchema UP-TO-DATE
> Task :react-native-screens:preBuild UP-TO-DATE
> Task :react-native-svg:generateCodegenSchemaFromJavaScript UP-TO-DATE
> Task :react-native-svg:generateCodegenArtifactsFromSchema UP-TO-DATE
> Task :react-native-svg:preBuild UP-TO-DATE
> Task :react-native-vector-icons:generateCodegenSchemaFromJavaScript UP-TO-DATE
> Task :react-native-vector-icons:generateCodegenArtifactsFromSchema UP-TO-DATE
> Task :react-native-vector-icons:preBuild UP-TO-DATE
> Task :react-native-worklets:assertMinimalReactNativeVersionTask
> Task :react-native-worklets:assertNewArchitectureEnabledTask SKIPPED
> Task :react-native-worklets:generateCodegenSchemaFromJavaScript UP-TO-DATE
> Task :react-native-worklets:generateCodegenArtifactsFromSchema UP-TO-DATE
> Task :react-native-worklets:prepareWorkletsHeadersForPrefabs UP-TO-DATE
> Task :react-native-worklets:preBuild
> Task :react-native-worklets-core:prepareHeaders UP-TO-DATE
> Task :react-native-worklets-core:preBuild UP-TO-DATE
> Task :app:preBuild
> Task :app:preDebugBuild
> Task :app:generateDebugBuildConfig UP-TO-DATE
> Task :react-native-config:preDebugBuild UP-TO-DATE
> Task :react-native-config:writeDebugAarMetadata UP-TO-DATE
> Task :react-native-documents_picker:preDebugBuild UP-TO-DATE
> Task :react-native-documents_picker:writeDebugAarMetadata UP-TO-DATE
> Task :react-native-encrypted-storage:preDebugBuild UP-TO-DATE
> Task :react-native-encrypted-storage:writeDebugAarMetadata UP-TO-DATE
> Task :react-native-gesture-handler:preDebugBuild UP-TO-DATE
> Task :react-native-gesture-handler:writeDebugAarMetadata UP-TO-DATE
> Task :react-native-linear-gradient:preDebugBuild UP-TO-DATE
> Task :react-native-linear-gradient:writeDebugAarMetadata UP-TO-DATE
> Task :react-native-reanimated:preDebugBuild
> Task :react-native-reanimated:writeDebugAarMetadata UP-TO-DATE
> Task :react-native-safe-area-context:preDebugBuild UP-TO-DATE
> Task :react-native-safe-area-context:writeDebugAarMetadata UP-TO-DATE
> Task :react-native-screens:preDebugBuild UP-TO-DATE
> Task :react-native-screens:writeDebugAarMetadata UP-TO-DATE
> Task :react-native-svg:preDebugBuild UP-TO-DATE
> Task :react-native-svg:writeDebugAarMetadata UP-TO-DATE
> Task :react-native-vector-icons:preDebugBuild UP-TO-DATE
> Task :react-native-vector-icons:writeDebugAarMetadata UP-TO-DATE
> Task :react-native-worklets:preDebugBuild
> Task :react-native-worklets:writeDebugAarMetadata UP-TO-DATE
> Task :react-native-worklets-core:preDebugBuild UP-TO-DATE
> Task :react-native-worklets-core:writeDebugAarMetadata UP-TO-DATE
> Task :app:checkDebugAarMetadata UP-TO-DATE
> Task :app:generateDebugResValues UP-TO-DATE
> Task :react-native-config:generateDebugResValues UP-TO-DATE
> Task :react-native-config:generateDebugResources UP-TO-DATE
> Task :react-native-config:packageDebugResources UP-TO-DATE
> Task :react-native-documents_picker:generateDebugResValues UP-TO-DATE
> Task :react-native-documents_picker:generateDebugResources UP-TO-DATE
> Task :react-native-documents_picker:packageDebugResources UP-TO-DATE
> Task :react-native-encrypted-storage:generateDebugResValues UP-TO-DATE
> Task :react-native-encrypted-storage:generateDebugResources UP-TO-DATE
> Task :react-native-encrypted-storage:packageDebugResources UP-TO-DATE
> Task :react-native-gesture-handler:generateDebugResValues UP-TO-DATE
> Task :react-native-gesture-handler:generateDebugResources UP-TO-DATE
> Task :react-native-gesture-handler:packageDebugResources UP-TO-DATE
> Task :react-native-linear-gradient:generateDebugResValues UP-TO-DATE
> Task :react-native-linear-gradient:generateDebugResources UP-TO-DATE
> Task :react-native-linear-gradient:packageDebugResources UP-TO-DATE
> Task :react-native-reanimated:generateDebugResValues UP-TO-DATE
> Task :react-native-reanimated:generateDebugResources UP-TO-DATE
> Task :react-native-reanimated:packageDebugResources UP-TO-DATE
> Task :react-native-safe-area-context:generateDebugResValues UP-TO-DATE
> Task :react-native-safe-area-context:generateDebugResources UP-TO-DATE
> Task :react-native-safe-area-context:packageDebugResources UP-TO-DATE
> Task :react-native-screens:generateDebugResValues UP-TO-DATE
> Task :react-native-screens:generateDebugResources UP-TO-DATE
> Task :react-native-screens:packageDebugResources UP-TO-DATE
> Task :react-native-svg:generateDebugResValues UP-TO-DATE
> Task :react-native-svg:generateDebugResources UP-TO-DATE
> Task :react-native-svg:packageDebugResources UP-TO-DATE
> Task :react-native-vector-icons:generateDebugResValues UP-TO-DATE
> Task :react-native-vector-icons:generateDebugResources UP-TO-DATE
> Task :react-native-vector-icons:packageDebugResources UP-TO-DATE
> Task :react-native-worklets:generateDebugResValues UP-TO-DATE
> Task :react-native-worklets:generateDebugResources UP-TO-DATE
> Task :react-native-worklets:packageDebugResources UP-TO-DATE
> Task :react-native-worklets-core:generateDebugResValues UP-TO-DATE
> Task :react-native-worklets-core:generateDebugResources UP-TO-DATE
> Task :react-native-worklets-core:packageDebugResources UP-TO-DATE
> Task :app:mapDebugSourceSetPaths UP-TO-DATE
> Task :app:generateDebugResources UP-TO-DATE
> Task :app:mergeDebugResources UP-TO-DATE
> Task :app:packageDebugResources UP-TO-DATE
> Task :app:parseDebugLocalResources UP-TO-DATE
> Task :app:createDebugCompatibleScreenManifests UP-TO-DATE
> Task :app:extractDeepLinksDebug UP-TO-DATE
> Task :react-native-config:extractDeepLinksDebug UP-TO-DATE
> Task :react-native-config:processDebugManifest UP-TO-DATE
> Task :react-native-documents_picker:extractDeepLinksDebug UP-TO-DATE
> Task :react-native-documents_picker:processDebugManifest UP-TO-DATE
> Task :react-native-encrypted-storage:extractDeepLinksDebug UP-TO-DATE
> Task :react-native-encrypted-storage:processDebugManifest UP-TO-DATE
> Task :react-native-gesture-handler:extractDeepLinksDebug UP-TO-DATE
> Task :react-native-gesture-handler:processDebugManifest UP-TO-DATE
> Task :react-native-linear-gradient:extractDeepLinksDebug UP-TO-DATE
> Task :react-native-linear-gradient:processDebugManifest UP-TO-DATE
> Task :react-native-reanimated:extractDeepLinksDebug UP-TO-DATE
> Task :react-native-reanimated:processDebugManifest UP-TO-DATE
> Task :react-native-safe-area-context:extractDeepLinksDebug UP-TO-DATE
> Task :react-native-safe-area-context:processDebugManifest UP-TO-DATE
> Task :react-native-screens:extractDeepLinksDebug UP-TO-DATE
> Task :react-native-screens:processDebugManifest UP-TO-DATE
> Task :react-native-svg:extractDeepLinksDebug UP-TO-DATE
> Task :react-native-svg:processDebugManifest UP-TO-DATE
> Task :react-native-vector-icons:extractDeepLinksDebug UP-TO-DATE
> Task :react-native-vector-icons:processDebugManifest UP-TO-DATE
> Task :react-native-worklets:extractDeepLinksDebug UP-TO-DATE
> Task :react-native-worklets:processDebugManifest UP-TO-DATE
> Task :react-native-worklets-core:extractDeepLinksDebug UP-TO-DATE
> Task :react-native-worklets-core:processDebugManifest UP-TO-DATE
> Task :app:processDebugMainManifest UP-TO-DATE
> Task :app:processDebugManifest UP-TO-DATE
> Task :app:processDebugManifestForPackage UP-TO-DATE
> Task :react-native-config:compileDebugLibraryResources UP-TO-DATE
> Task :react-native-config:parseDebugLocalResources UP-TO-DATE
> Task :react-native-config:generateDebugRFile UP-TO-DATE
> Task :react-native-documents_picker:compileDebugLibraryResources UP-TO-DATE
> Task :react-native-documents_picker:parseDebugLocalResources UP-TO-DATE
> Task :react-native-documents_picker:generateDebugRFile UP-TO-DATE
> Task :react-native-encrypted-storage:compileDebugLibraryResources UP-TO-DATE
> Task :react-native-encrypted-storage:parseDebugLocalResources UP-TO-DATE
> Task :react-native-encrypted-storage:generateDebugRFile UP-TO-DATE
> Task :react-native-gesture-handler:compileDebugLibraryResources UP-TO-DATE
> Task :react-native-gesture-handler:parseDebugLocalResources UP-TO-DATE
> Task :react-native-gesture-handler:generateDebugRFile UP-TO-DATE
> Task :react-native-linear-gradient:compileDebugLibraryResources UP-TO-DATE
> Task :react-native-linear-gradient:parseDebugLocalResources UP-TO-DATE
> Task :react-native-linear-gradient:generateDebugRFile UP-TO-DATE
> Task :react-native-reanimated:compileDebugLibraryResources UP-TO-DATE
> Task :react-native-reanimated:parseDebugLocalResources UP-TO-DATE
> Task :react-native-reanimated:generateDebugRFile UP-TO-DATE
> Task :react-native-safe-area-context:compileDebugLibraryResources UP-TO-DATE
> Task :react-native-safe-area-context:parseDebugLocalResources UP-TO-DATE
> Task :react-native-safe-area-context:generateDebugRFile UP-TO-DATE
> Task :react-native-screens:compileDebugLibraryResources UP-TO-DATE
> Task :react-native-screens:parseDebugLocalResources UP-TO-DATE
> Task :react-native-screens:generateDebugRFile UP-TO-DATE
> Task :react-native-svg:compileDebugLibraryResources UP-TO-DATE
> Task :react-native-svg:parseDebugLocalResources UP-TO-DATE
> Task :react-native-svg:generateDebugRFile UP-TO-DATE
> Task :react-native-vector-icons:compileDebugLibraryResources UP-TO-DATE
> Task :react-native-vector-icons:parseDebugLocalResources UP-TO-DATE
> Task :react-native-vector-icons:generateDebugRFile UP-TO-DATE
> Task :react-native-worklets:compileDebugLibraryResources UP-TO-DATE
> Task :react-native-worklets:parseDebugLocalResources UP-TO-DATE
> Task :react-native-worklets:generateDebugRFile UP-TO-DATE
> Task :react-native-worklets-core:compileDebugLibraryResources UP-TO-DATE
> Task :react-native-worklets-core:parseDebugLocalResources UP-TO-DATE
> Task :react-native-worklets-core:generateDebugRFile UP-TO-DATE
> Task :app:processDebugResources UP-TO-DATE
> Task :react-native-config:generateDebugBuildConfig UP-TO-DATE
> Task :react-native-config:javaPreCompileDebug UP-TO-DATE
> Task :react-native-config:compileDebugJavaWithJavac UP-TO-DATE
> Task :react-native-config:bundleLibCompileToJarDebug UP-TO-DATE
> Task :react-native-documents_picker:checkKotlinGradlePluginConfigurationErrors SKIPPED
> Task :react-native-documents_picker:generateDebugBuildConfig UP-TO-DATE
> Task :react-native-documents_picker:compileDebugKotlin UP-TO-DATE
> Task :react-native-documents_picker:javaPreCompileDebug UP-TO-DATE
> Task :react-native-documents_picker:compileDebugJavaWithJavac UP-TO-DATE
> Task :react-native-documents_picker:bundleLibCompileToJarDebug UP-TO-DATE
> Task :react-native-encrypted-storage:generateDebugBuildConfig UP-TO-DATE
> Task :react-native-encrypted-storage:javaPreCompileDebug UP-TO-DATE
> Task :react-native-encrypted-storage:compileDebugJavaWithJavac UP-TO-DATE
> Task :react-native-encrypted-storage:bundleLibCompileToJarDebug UP-TO-DATE
> Task :react-native-gesture-handler:checkKotlinGradlePluginConfigurationErrors SKIPPED
> Task :react-native-gesture-handler:generateDebugBuildConfig UP-TO-DATE
> Task :react-native-reanimated:generateDebugBuildConfig UP-TO-DATE
> Task :react-native-reanimated:javaPreCompileDebug UP-TO-DATE
> Task :react-native-worklets:generateDebugBuildConfig UP-TO-DATE
> Task :react-native-worklets:javaPreCompileDebug UP-TO-DATE
> Task :react-native-worklets:compileDebugJavaWithJavac UP-TO-DATE
> Task :react-native-worklets:bundleLibCompileToJarDebug UP-TO-DATE
> Task :react-native-reanimated:compileDebugJavaWithJavac UP-TO-DATE
> Task :react-native-reanimated:bundleLibCompileToJarDebug UP-TO-DATE
> Task :react-native-svg:generateDebugBuildConfig UP-TO-DATE
> Task :react-native-svg:javaPreCompileDebug UP-TO-DATE
> Task :react-native-svg:compileDebugJavaWithJavac UP-TO-DATE
> Task :react-native-svg:bundleLibCompileToJarDebug UP-TO-DATE
> Task :react-native-gesture-handler:compileDebugKotlin UP-TO-DATE
> Task :react-native-gesture-handler:javaPreCompileDebug UP-TO-DATE
> Task :react-native-gesture-handler:compileDebugJavaWithJavac UP-TO-DATE
> Task :react-native-gesture-handler:bundleLibCompileToJarDebug UP-TO-DATE
> Task :react-native-linear-gradient:generateDebugBuildConfig UP-TO-DATE
> Task :react-native-linear-gradient:javaPreCompileDebug UP-TO-DATE
> Task :react-native-linear-gradient:compileDebugJavaWithJavac UP-TO-DATE
> Task :react-native-linear-gradient:bundleLibCompileToJarDebug UP-TO-DATE
> Task :react-native-safe-area-context:checkKotlinGradlePluginConfigurationErrors SKIPPED
> Task :react-native-safe-area-context:generateDebugBuildConfig UP-TO-DATE
> Task :react-native-safe-area-context:compileDebugKotlin UP-TO-DATE
> Task :react-native-safe-area-context:javaPreCompileDebug UP-TO-DATE
> Task :react-native-safe-area-context:compileDebugJavaWithJavac UP-TO-DATE
> Task :react-native-safe-area-context:bundleLibCompileToJarDebug UP-TO-DATE
> Task :react-native-screens:checkKotlinGradlePluginConfigurationErrors SKIPPED
> Task :react-native-screens:generateDebugBuildConfig UP-TO-DATE
> Task :react-native-screens:compileDebugKotlin UP-TO-DATE
> Task :react-native-screens:javaPreCompileDebug UP-TO-DATE
> Task :react-native-screens:compileDebugJavaWithJavac UP-TO-DATE
> Task :react-native-screens:bundleLibCompileToJarDebug UP-TO-DATE
> Task :react-native-vector-icons:generateDebugBuildConfig UP-TO-DATE
> Task :react-native-vector-icons:javaPreCompileDebug UP-TO-DATE
> Task :react-native-vector-icons:compileDebugJavaWithJavac UP-TO-DATE
> Task :react-native-vector-icons:bundleLibCompileToJarDebug UP-TO-DATE
> Task :react-native-worklets-core:generateDebugBuildConfig UP-TO-DATE
> Task :react-native-worklets-core:javaPreCompileDebug UP-TO-DATE
> Task :react-native-worklets-core:compileDebugJavaWithJavac UP-TO-DATE
> Task :react-native-worklets-core:bundleLibCompileToJarDebug UP-TO-DATE
> Task :app:compileDebugKotlin UP-TO-DATE
> Task :app:javaPreCompileDebug UP-TO-DATE
> Task :app:compileDebugJavaWithJavac UP-TO-DATE
> Task :app:mergeDebugShaders UP-TO-DATE
> Task :app:compileDebugShaders NO-SOURCE
> Task :app:copyReactNativeVectorIconFonts UP-TO-DATE
> Task :app:generateDebugAssets UP-TO-DATE
> Task :react-native-config:mergeDebugShaders UP-TO-DATE
> Task :react-native-config:compileDebugShaders NO-SOURCE
> Task :react-native-config:generateDebugAssets UP-TO-DATE
> Task :react-native-config:mergeDebugAssets UP-TO-DATE
> Task :react-native-documents_picker:mergeDebugShaders UP-TO-DATE
> Task :react-native-documents_picker:compileDebugShaders NO-SOURCE
> Task :react-native-documents_picker:generateDebugAssets UP-TO-DATE
> Task :react-native-documents_picker:mergeDebugAssets UP-TO-DATE
> Task :react-native-encrypted-storage:mergeDebugShaders UP-TO-DATE
> Task :react-native-encrypted-storage:compileDebugShaders NO-SOURCE
> Task :react-native-encrypted-storage:generateDebugAssets UP-TO-DATE
> Task :react-native-encrypted-storage:mergeDebugAssets UP-TO-DATE
> Task :react-native-gesture-handler:mergeDebugShaders UP-TO-DATE
> Task :react-native-gesture-handler:compileDebugShaders NO-SOURCE
> Task :react-native-gesture-handler:generateDebugAssets UP-TO-DATE
> Task :react-native-gesture-handler:mergeDebugAssets UP-TO-DATE
> Task :react-native-linear-gradient:mergeDebugShaders UP-TO-DATE
> Task :react-native-linear-gradient:compileDebugShaders NO-SOURCE
> Task :react-native-linear-gradient:generateDebugAssets UP-TO-DATE
> Task :react-native-linear-gradient:mergeDebugAssets UP-TO-DATE
> Task :react-native-reanimated:mergeDebugShaders UP-TO-DATE
> Task :react-native-reanimated:compileDebugShaders NO-SOURCE
> Task :react-native-reanimated:generateDebugAssets UP-TO-DATE
> Task :react-native-reanimated:mergeDebugAssets UP-TO-DATE
> Task :react-native-safe-area-context:mergeDebugShaders UP-TO-DATE
> Task :react-native-safe-area-context:compileDebugShaders NO-SOURCE
> Task :react-native-safe-area-context:generateDebugAssets UP-TO-DATE
> Task :react-native-safe-area-context:mergeDebugAssets UP-TO-DATE
> Task :react-native-screens:mergeDebugShaders UP-TO-DATE
> Task :react-native-screens:compileDebugShaders NO-SOURCE
> Task :react-native-screens:generateDebugAssets UP-TO-DATE
> Task :react-native-screens:mergeDebugAssets UP-TO-DATE
> Task :react-native-svg:mergeDebugShaders UP-TO-DATE
> Task :react-native-svg:compileDebugShaders NO-SOURCE
> Task :react-native-svg:generateDebugAssets UP-TO-DATE
> Task :react-native-svg:mergeDebugAssets UP-TO-DATE
> Task :react-native-vector-icons:mergeDebugShaders UP-TO-DATE
> Task :react-native-vector-icons:compileDebugShaders NO-SOURCE
> Task :react-native-vector-icons:generateDebugAssets UP-TO-DATE
> Task :react-native-vector-icons:mergeDebugAssets UP-TO-DATE
> Task :react-native-worklets:mergeDebugShaders UP-TO-DATE
> Task :react-native-worklets:compileDebugShaders NO-SOURCE
> Task :react-native-worklets:generateDebugAssets UP-TO-DATE
> Task :react-native-worklets:mergeDebugAssets UP-TO-DATE
> Task :react-native-worklets-core:mergeDebugShaders UP-TO-DATE
> Task :react-native-worklets-core:compileDebugShaders NO-SOURCE
> Task :react-native-worklets-core:generateDebugAssets UP-TO-DATE
> Task :react-native-worklets-core:mergeDebugAssets UP-TO-DATE
> Task :app:mergeDebugAssets UP-TO-DATE
> Task :app:compressDebugAssets UP-TO-DATE
> Task :react-native-documents_picker:bundleLibRuntimeToJarDebug UP-TO-DATE
> Task :react-native-gesture-handler:bundleLibRuntimeToJarDebug UP-TO-DATE
> Task :react-native-safe-area-context:bundleLibRuntimeToJarDebug UP-TO-DATE
> Task :react-native-screens:bundleLibRuntimeToJarDebug UP-TO-DATE
> Task :react-native-config:bundleLibRuntimeToJarDebug UP-TO-DATE
> Task :react-native-encrypted-storage:bundleLibRuntimeToJarDebug UP-TO-DATE
> Task :react-native-linear-gradient:bundleLibRuntimeToJarDebug UP-TO-DATE
> Task :react-native-reanimated:bundleLibRuntimeToJarDebug UP-TO-DATE
> Task :react-native-svg:bundleLibRuntimeToJarDebug UP-TO-DATE
> Task :react-native-vector-icons:bundleLibRuntimeToJarDebug UP-TO-DATE
> Task :react-native-worklets:bundleLibRuntimeToJarDebug UP-TO-DATE
> Task :react-native-worklets-core:bundleLibRuntimeToJarDebug UP-TO-DATE
> Task :app:desugarDebugFileDependencies UP-TO-DATE
> Task :app:dexBuilderDebug UP-TO-DATE
> Task :app:mergeDebugGlobalSynthetics UP-TO-DATE
> Task :app:processDebugJavaRes UP-TO-DATE
> Task :react-native-config:processDebugJavaRes NO-SOURCE
> Task :react-native-documents_picker:processDebugJavaRes UP-TO-DATE
> Task :react-native-encrypted-storage:processDebugJavaRes NO-SOURCE
> Task :react-native-gesture-handler:processDebugJavaRes UP-TO-DATE
> Task :react-native-linear-gradient:processDebugJavaRes NO-SOURCE
> Task :react-native-reanimated:processDebugJavaRes NO-SOURCE
> Task :react-native-safe-area-context:processDebugJavaRes UP-TO-DATE
> Task :react-native-screens:processDebugJavaRes UP-TO-DATE
> Task :react-native-svg:processDebugJavaRes NO-SOURCE
> Task :react-native-vector-icons:processDebugJavaRes NO-SOURCE
> Task :react-native-worklets:processDebugJavaRes NO-SOURCE
> Task :react-native-worklets-core:processDebugJavaRes NO-SOURCE
> Task :app:mergeDebugJavaResource UP-TO-DATE
> Task :app:checkDebugDuplicateClasses UP-TO-DATE
> Task :app:mergeExtDexDebug UP-TO-DATE
> Task :react-native-documents_picker:bundleLibRuntimeToDirDebug UP-TO-DATE
> Task :react-native-gesture-handler:bundleLibRuntimeToDirDebug UP-TO-DATE
> Task :react-native-safe-area-context:bundleLibRuntimeToDirDebug UP-TO-DATE
> Task :react-native-screens:bundleLibRuntimeToDirDebug UP-TO-DATE
> Task :react-native-config:bundleLibRuntimeToDirDebug UP-TO-DATE
> Task :react-native-encrypted-storage:bundleLibRuntimeToDirDebug UP-TO-DATE
> Task :react-native-linear-gradient:bundleLibRuntimeToDirDebug UP-TO-DATE
> Task :react-native-reanimated:bundleLibRuntimeToDirDebug UP-TO-DATE
> Task :react-native-svg:bundleLibRuntimeToDirDebug UP-TO-DATE
> Task :react-native-vector-icons:bundleLibRuntimeToDirDebug UP-TO-DATE
> Task :react-native-worklets:bundleLibRuntimeToDirDebug UP-TO-DATE
> Task :react-native-worklets-core:bundleLibRuntimeToDirDebug UP-TO-DATE
> Task :app:mergeProjectDexDebug UP-TO-DATE
> Task :react-native-worklets:configureCMakeDebug[arm64-v8a]
> Task :app:mergeLibDexDebug UP-TO-DATE
> Task :react-native-worklets:buildCMakeDebug[arm64-v8a][worklets]
> Task :react-native-worklets:configureCMakeDebug[armeabi-v7a]
> Task :react-native-worklets:buildCMakeDebug[armeabi-v7a][worklets]
> Task :react-native-worklets:configureCMakeDebug[x86]
> Task :react-native-worklets:buildCMakeDebug[x86][worklets]
> Task :react-native-worklets:configureCMakeDebug[x86_64]
> Task :react-native-worklets:buildCMakeDebug[x86_64][worklets]
> Task :react-native-worklets:externalNativeBuildDebug
> Task :react-native-worklets:generateJsonModelDebug
> Task :react-native-worklets:prefabDebugConfigurePackage
> Task :react-native-reanimated:configureCMakeDebug[arm64-v8a]
> Task :react-native-reanimated:configureCMakeDebug[armeabi-v7a]
> Task :react-native-reanimated:configureCMakeDebug[x86]
> Task :react-native-reanimated:configureCMakeDebug[x86_64]
> Task :react-native-reanimated:generateJsonModelDebug
> Task :react-native-reanimated:prefabDebugConfigurePackage UP-TO-DATE
> Task :react-native-worklets-core:configureCMakeDebug[arm64-v8a]
> Task :react-native-worklets-core:buildCMakeDebug[arm64-v8a]
> Task :react-native-worklets-core:configureCMakeDebug[armeabi-v7a]
> Task :react-native-worklets-core:buildCMakeDebug[armeabi-v7a]
> Task :react-native-worklets-core:configureCMakeDebug[x86]
> Task :react-native-worklets-core:buildCMakeDebug[x86]
> Task :react-native-worklets-core:configureCMakeDebug[x86_64]
> Task :react-native-worklets-core:buildCMakeDebug[x86_64]
> Task :react-native-worklets-core:externalNativeBuildDebug
> Task :react-native-worklets-core:generateJsonModelDebug
> Task :react-native-worklets-core:prefabDebugConfigurePackage

> Task :app:configureCMakeDebug[arm64-v8a]
C/C++: CMake Error at C:/EscrowITX/Solution/EscrowITXMob/EscrowITXMobile/android/app/build/generated/autolinking/src/main/jni/Android-autolinking.cmake:20 (add_subdirectory):
C/C++:   add_subdirectory given source
C/C++:   "C:/EscrowITX/Solution/EscrowITXMob/EscrowITXMobile/node_modules/react-native-worklets-core/android/build/generated/source/codegen/jni/"
C/C++:   which is not an existing directory.
C/C++: Call Stack (most recent call first):
C/C++:   C:/EscrowITX/Solution/EscrowITXMob/EscrowITXMobile/node_modules/react-native/ReactAndroid/cmake-utils/ReactNative-application.cmake:94 (include)
C/C++:   CMakeLists.txt:31 (include)
C/C++: CMake Error at C:/EscrowITX/Solution/EscrowITXMob/EscrowITXMobile/node_modules/react-native/ReactAndroid/cmake-utils/ReactNative-application.cmake:97 (target_link_libraries):
C/C++:   Cannot specify link libraries for target "react_codegen_RNWorkletsSpec"
C/C++:   which is not built by this project.
C/C++: Call Stack (most recent call first):
C/C++:   CMakeLists.txt:31 (include)

> Task :app:configureCMakeDebug[arm64-v8a] FAILED

[Incubating] Problems report is available at: file:///C:/EscrowITX/Solution/EscrowITXMob/EscrowITXMobile/android/build/reports/problems/problems-report.html

Deprecated Gradle features were used in this build, making it incompatible with Gradle 9.0.

You can use '--warning-mode all' to show the individual deprecation warnings and determine if they come from your own scripts or plugins.

For more on this, please refer to https://docs.gradle.org/8.13/userguide/command_line_interface.html#sec:command_line_warnings in the Gradle documentation.
305 actionable tasks: 28 executed, 277 up-to-date
[0m[0m
[36m[1minfo[22m[39m [0m[2m[2m≡ƒÆí Tip: Make sure that you have set up your development environment correctly, by running[22m[2m [0m[1mnpx react-native doctor[22m[2m[0m. [2mTo read more about doctor command visit: https://github.com/react-native-community/cli/blob/main/packages/cli-doctor/README.md#doctor 
[22m[2m[22m[0m
[0m
FAILURE: Build failed with an exception.

* What went wrong:
Execution failed for task ':app:configureCMakeDebug[arm64-v8a]'.
> [CXX1429] error when building with cmake using C:\EscrowITX\Solution\EscrowITXMob\EscrowITXMobile\node_modules\react-native\ReactAndroid\cmake-utils\default-app-setup\CMakeLists.txt: -- The C compiler identification is Clang 18.0.2
  -- The CXX compiler identification is Clang 18.0.2
  -- Detecting C compiler ABI info
  -- Detecting C compiler ABI info - done
  -- Check for working C compiler: C:/Users/anaka/AppData/Local/Android/Sdk/ndk/27.1.12297006/toolchains/llvm/prebuilt/windows-x86_64/bin/clang.exe - skipped
  -- Detecting C compile features
  -- Detecting C compile features - done
  -- Detecting CXX compiler ABI info
  -- Detecting CXX compiler ABI info - done
  -- Check for working CXX compiler: C:/Users/anaka/AppData/Local/Android/Sdk/ndk/27.1.12297006/toolchains/llvm/prebuilt/windows-x86_64/bin/clang++.exe - skipped
  -- Detecting CXX compile features
  -- Detecting CXX compile features - done
  -- Configuring incomplete, errors occurred!
  See also "C:/EscrowITX/Solution/EscrowITXMob/EscrowITXMobile/android/app/.cxx/Debug/5r4y1s1n/arm64-v8a/CMakeFiles/CMakeOutput.log".
  See also "C:/EscrowITX/Solution/EscrowITXMob/EscrowITXMobile/android/app/.cxx/Debug/5r4y1s1n/arm64-v8a/CMakeFiles/CMakeError.log".
  
  C++ build system [configure] failed while executing:
      @echo off
      "C:\\Users\\anaka\\AppData\\Local\\Android\\Sdk\\cmake\\3.22.1\\bin\\cmake.exe" ^
        "-HC:\\EscrowITX\\Solution\\EscrowITXMob\\EscrowITXMobile\\node_modules\\react-native\\ReactAndroid\\cmake-utils\\default-app-setup" ^
        "-DCMAKE_SYSTEM_NAME=Android" ^
        "-DCMAKE_EXPORT_COMPILE_COMMANDS=ON" ^
        "-DCMAKE_SYSTEM_VERSION=24" ^
        "-DANDROID_PLATFORM=android-24" ^
        "-DANDROID_ABI=arm64-v8a" ^
        "-DCMAKE_ANDROID_ARCH_ABI=arm64-v8a" ^
        "-DANDROID_NDK=C:\\Users\\anaka\\AppData\\Local\\Android\\Sdk\\ndk\\27.1.12297006" ^
        "-DCMAKE_ANDROID_NDK=C:\\Users\\anaka\\AppData\\Local\\Android\\Sdk\\ndk\\27.1.12297006" ^
        "-DCMAKE_TOOLCHAIN_FILE=C:\\Users\\anaka\\AppData\\Local\\Android\\Sdk\\ndk\\27.1.12297006\\build\\cmake\\android.toolchain.cmake" ^
        "-DCMAKE_MAKE_PROGRAM=C:\\Users\\anaka\\AppData\\Local\\Android\\Sdk\\cmake\\3.22.1\\bin\\ninja.exe" ^
        "-DCMAKE_LIBRARY_OUTPUT_DIRECTORY=C:\\EscrowITX\\Solution\\EscrowITXMob\\EscrowITXMobile\\android\\app\\build\\intermediates\\cxx\\Debug\\5r4y1s1n\\obj\\arm64-v8a" ^
        "-DCMAKE_RUNTIME_OUTPUT_DIRECTORY=C:\\EscrowITX\\Solution\\EscrowITXMob\\EscrowITXMobile\\android\\app\\build\\intermediates\\cxx\\Debug\\5r4y1s1n\\obj\\arm64-v8a" ^
        "-DCMAKE_BUILD_TYPE=Debug" ^
        "-DCMAKE_FIND_ROOT_PATH=C:\\EscrowITX\\Solution\\EscrowITXMob\\EscrowITXMobile\\android\\app\\.cxx\\Debug\\5r4y1s1n\\prefab\\arm64-v8a\\prefab" ^
        "-BC:\\EscrowITX\\Solution\\EscrowITXMob\\EscrowITXMobile\\android\\app\\.cxx\\Debug\\5r4y1s1n\\arm64-v8a" ^
        -GNinja ^
        "-DPROJECT_BUILD_DIR=C:\\EscrowITX\\Solution\\EscrowITXMob\\EscrowITXMobile\\android\\app\\build" ^
        "-DPROJECT_ROOT_DIR=C:\\EscrowITX\\Solution\\EscrowITXMob\\EscrowITXMobile\\android" ^
        "-DREACT_ANDROID_DIR=C:\\EscrowITX\\Solution\\EscrowITXMob\\EscrowITXMobile\\node_modules\\react-native\\ReactAndroid" ^
        "-DANDROID_STL=c++_shared" ^
        "-DANDROID_SUPPORT_FLEXIBLE_PAGE_SIZES=ON"
    from C:\EscrowITX\Solution\EscrowITXMob\EscrowITXMobile\android\app
  CMake Error at C:/EscrowITX/Solution/EscrowITXMob/EscrowITXMobile/android/app/build/generated/autolinking/src/main/jni/Android-autolinking.cmake:20 (add_subdirectory):
    add_subdirectory given source
    "C:/EscrowITX/Solution/EscrowITXMob/EscrowITXMobile/node_modules/react-native-worklets-core/android/build/generated/source/codegen/jni/"
    which is not an existing directory.
  Call Stack (most recent call first):
    C:/EscrowITX/Solution/EscrowITXMob/EscrowITXMobile/node_modules/react-native/ReactAndroid/cmake-utils/ReactNative-application.cmake:94 (include)
    CMakeLists.txt:31 (include)
  
  
  CMake Error at C:/EscrowITX/Solution/EscrowITXMob/EscrowITXMobile/node_modules/react-native/ReactAndroid/cmake-utils/ReactNative-application.cmake:97 (target_link_libraries):
    Cannot specify link libraries for target "react_codegen_RNWorkletsSpec"
    which is not built by this project.
  Call Stack (most recent call first):
    CMakeLists.txt:31 (include) : com.android.ide.common.process.ProcessException: -- The C compiler identification is Clang 18.0.2
  -- The CXX compiler identification is Clang 18.0.2
  -- Detecting C compiler ABI info
  -- Detecting C compiler ABI info - done
  -- Check for working C compiler: C:/Users/anaka/AppData/Local/Android/Sdk/ndk/27.1.12297006/toolchains/llvm/prebuilt/windows-x86_64/bin/clang.exe - skipped
  -- Detecting C compile features
  -- Detecting C compile features - done
  -- Detecting CXX compiler ABI info
  -- Detecting CXX compiler ABI info - done
  -- Check for working CXX compiler: C:/Users/anaka/AppData/Local/Android/Sdk/ndk/27.1.12297006/toolchains/llvm/prebuilt/windows-x86_64/bin/clang++.exe - skipped
  -- Detecting CXX compile features
  -- Detecting CXX compile features - done
  -- Configuring incomplete, errors occurred!
  See also "C:/EscrowITX/Solution/EscrowITXMob/EscrowITXMobile/android/app/.cxx/Debug/5r4y1s1n/arm64-v8a/CMakeFiles/CMakeOutput.log".
  See also "C:/EscrowITX/Solution/EscrowITXMob/EscrowITXMobile/android/app/.cxx/Debug/5r4y1s1n/arm64-v8a/CMakeFiles/CMakeError.log".
  
  C++ build system [configure] failed while executing:
      @echo off
      "C:\\Users\\anaka\\AppData\\Local\\Android\\Sdk\\cmake\\3.22.1\\bin\\cmake.exe" ^
        "-HC:\\EscrowITX\\Solution\\EscrowITXMob\\EscrowITXMobile\\node_modules\\react-native\\ReactAndroid\\cmake-utils\\default-app-setup" ^
        "-DCMAKE_SYSTEM_NAME=Android" ^
        "-DCMAKE_EXPORT_COMPILE_COMMANDS=ON" ^
        "-DCMAKE_SYSTEM_VERSION=24" ^
        "-DANDROID_PLATFORM=android-24" ^
        "-DANDROID_ABI=arm64-v8a" ^
        "-DCMAKE_ANDROID_ARCH_ABI=arm64-v8a" ^
        "-DANDROID_NDK=C:\\Users\\anaka\\AppData\\Local\\Android\\Sdk\\ndk\\27.1.12297006" ^
        "-DCMAKE_ANDROID_NDK=C:\\Users\\anaka\\AppData\\Local\\Android\\Sdk\\ndk\\27.1.12297006" ^
        "-DCMAKE_TOOLCHAIN_FILE=C:\\Users\\anaka\\AppData\\Local\\Android\\Sdk\\ndk\\27.1.12297006\\build\\cmake\\android.toolchain.cmake" ^
        "-DCMAKE_MAKE_PROGRAM=C:\\Users\\anaka\\AppData\\Local\\Android\\Sdk\\cmake\\3.22.1\\bin\\ninja.exe" ^
        "-DCMAKE_LIBRARY_OUTPUT_DIRECTORY=C:\\EscrowITX\\Solution\\EscrowITXMob\\EscrowITXMobile\\android\\app\\build\\intermediates\\cxx\\Debug\\5r4y1s1n\\obj\\arm64-v8a" ^
        "-DCMAKE_RUNTIME_OUTPUT_DIRECTORY=C:\\EscrowITX\\Solution\\EscrowITXMob\\EscrowITXMobile\\android\\app\\build\\intermediates\\cxx\\Debug\\5r4y1s1n\\obj\\arm64-v8a" ^
        "-DCMAKE_BUILD_TYPE=Debug" ^
        "-DCMAKE_FIND_ROOT_PATH=C:\\EscrowITX\\Solution\\EscrowITXMob\\EscrowITXMobile\\android\\app\\.cxx\\Debug\\5r4y1s1n\\prefab\\arm64-v8a\\prefab" ^
        "-BC:\\EscrowITX\\Solution\\EscrowITXMob\\EscrowITXMobile\\android\\app\\.cxx\\Debug\\5r4y1s1n\\arm64-v8a" ^
        -GNinja ^
        "-DPROJECT_BUILD_DIR=C:\\EscrowITX\\Solution\\EscrowITXMob\\EscrowITXMobile\\android\\app\\build" ^
        "-DPROJECT_ROOT_DIR=C:\\EscrowITX\\Solution\\EscrowITXMob\\EscrowITXMobile\\android" ^
        "-DREACT_ANDROID_DIR=C:\\EscrowITX\\Solution\\EscrowITXMob\\EscrowITXMobile\\node_modules\\react-native\\ReactAndroid" ^
        "-DANDROID_STL=c++_shared" ^
        "-DANDROID_SUPPORT_FLEXIBLE_PAGE_SIZES=ON"
    from C:\EscrowITX\Solution\EscrowITXMob\EscrowITXMobile\android\app
  CMake Error at C:/EscrowITX/Solution/EscrowITXMob/EscrowITXMobile/android/app/build/generated/autolinking/src/main/jni/Android-autolinking.cmake:20 (add_subdirectory):
    add_subdirectory given source
    "C:/EscrowITX/Solution/EscrowITXMob/EscrowITXMobile/node_modules/react-native-worklets-core/android/build/generated/source/codegen/jni/"
    which is not an existing directory.
  Call Stack (most recent call first):
    C:/EscrowITX/Solution/EscrowITXMob/EscrowITXMobile/node_modules/react-native/ReactAndroid/cmake-utils/ReactNative-application.cmake:94 (include)
    CMakeLists.txt:31 (include)
  
  
  CMake Error at C:/EscrowITX/Solution/EscrowITXMob/EscrowITXMobile/node_modules/react-native/ReactAndroid/cmake-utils/ReactNative-application.cmake:97 (target_link_libraries):
    Cannot specify link libraries for target "react_codegen_RNWorkletsSpec"
    which is not built by this project.
  Call Stack (most recent call first):
    CMakeLists.txt:31 (include)
  	at com.android.build.gradle.internal.cxx.process.ExecuteProcessKt.execute(ExecuteProcess.kt:288)
  	at com.android.build.gradle.internal.cxx.process.ExecuteProcessKt$executeProcess$1.invoke(ExecuteProcess.kt:108)
  	at com.android.build.gradle.internal.cxx.process.ExecuteProcessKt$executeProcess$1.invoke(ExecuteProcess.kt:106)
  	at com.android.build.gradle.internal.cxx.timing.TimingEnvironmentKt.time(TimingEnvironment.kt:32)
  	at com.android.build.gradle.internal.cxx.process.ExecuteProcessKt.executeProcess(ExecuteProcess.kt:106)
  	at com.android.build.gradle.internal.cxx.process.ExecuteProcessKt.executeProcess$default(ExecuteProcess.kt:85)
  	at com.android.build.gradle.tasks.CmakeQueryMetadataGenerator.executeProcess(CmakeFileApiMetadataGenerator.kt:59)
  	at com.android.build.gradle.tasks.ExternalNativeJsonGenerator$configureOneAbi$1$1$3.invoke(ExternalNativeJsonGenerator.kt:247)
  	at com.android.build.gradle.tasks.ExternalNativeJsonGenerator$configureOneAbi$1$1$3.invoke(ExternalNativeJsonGenerator.kt:247)
  	at com.android.build.gradle.internal.cxx.timing.TimingEnvironmentKt.time(TimingEnvironment.kt:32)
  	at com.android.build.gradle.tasks.ExternalNativeJsonGenerator.configureOneAbi(ExternalNativeJsonGenerator.kt:247)
  	at com.android.build.gradle.tasks.ExternalNativeJsonGenerator.configure(ExternalNativeJsonGenerator.kt:113)
  	at com.android.build.gradle.tasks.ExternalNativeBuildJsonTask.doTaskAction(ExternalNativeBuildJsonTask.kt:89)
  	at com.android.build.gradle.internal.tasks.UnsafeOutputsTask$taskAction$$inlined$recordTaskAction$1.invoke(BaseTask.kt:59)
  	at com.android.build.gradle.internal.tasks.Blocks.recordSpan(Blocks.java:51)
  	at com.android.build.gradle.internal.tasks.UnsafeOutputsTask.taskAction(UnsafeOutputsTask.kt:81)
  	at jdk.internal.reflect.GeneratedMethodAccessor1395.invoke(Unknown Source)
  	at java.base/jdk.internal.reflect.DelegatingMethodAccessorImpl.invoke(DelegatingMethodAccessorImpl.java:43)
  	at java.base/java.lang.reflect.Method.invoke(Method.java:568)
  	at org.gradle.internal.reflect.JavaMethod.invoke(JavaMethod.java:125)
  	at org.gradle.api.internal.project.taskfactory.StandardTaskAction.doExecute(StandardTaskAction.java:58)
  	at org.gradle.api.internal.project.taskfactory.StandardTaskAction.execute(StandardTaskAction.java:51)
  	at org.gradle.api.internal.project.taskfactory.StandardTaskAction.execute(StandardTaskAction.java:29)
  	at org.gradle.api.internal.tasks.execution.TaskExecution$3.run(TaskExecution.java:244)
  	at org.gradle.internal.operations.DefaultBuildOperationRunner$1.execute(DefaultBuildOperationRunner.java:30)
  	at org.gradle.internal.operations.DefaultBuildOperationRunner$1.execute(DefaultBuildOperationRunner.java:27)
  	at org.gradle.internal.operations.DefaultBuildOperationRunner$2.execute(DefaultBuildOperationRunner.java:67)
  	at org.gradle.internal.operations.DefaultBuildOperationRunner$2.execute(DefaultBuildOperationRunner.java:60)
  	at org.gradle.internal.operations.DefaultBuildOperationRunner.execute(DefaultBuildOperationRunner.java:167)
  	at org.gradle.internal.operations.DefaultBuildOperationRunner.execute(DefaultBuildOperationRunner.java:60)
  	at org.gradle.internal.operations.DefaultBuildOperationRunner.run(DefaultBuildOperationRunner.java:48)
  	at org.gradle.api.internal.tasks.execution.TaskExecution.executeAction(TaskExecution.java:229)
  	at org.gradle.api.internal.tasks.execution.TaskExecution.executeActions(TaskExecution.java:212)
  	at org.gradle.api.internal.tasks.execution.TaskExecution.executeWithPreviousOutputFiles(TaskExecution.java:195)
  	at org.gradle.api.internal.tasks.execution.TaskExecution.execute(TaskExecution.java:162)
  	at org.gradle.internal.execution.steps.ExecuteStep.executeInternal(ExecuteStep.java:105)
  	at org.gradle.internal.execution.steps.ExecuteStep.access$000(ExecuteStep.java:44)
  	at org.gradle.internal.execution.steps.ExecuteStep$1.call(ExecuteStep.java:59)
  	at org.gradle.internal.execution.steps.ExecuteStep$1.call(ExecuteStep.java:56)
  	at org.gradle.internal.operations.DefaultBuildOperationRunner$CallableBuildOperationWorker.execute(DefaultBuildOperationRunner.java:210)
  	at org.gradle.internal.operations.DefaultBuildOperationRunner$CallableBuildOperationWorker.execute(DefaultBuildOperationRunner.java:205)
  	at org.gradle.internal.operations.DefaultBuildOperationRunner$2.execute(DefaultBuildOperationRunner.java:67)
  	at org.gradle.internal.operations.DefaultBuildOperationRunner$2.execute(DefaultBuildOperationRunner.java:60)
  	at org.gradle.internal.operations.DefaultBuildOperationRunner.execute(DefaultBuildOperationRunner.java:167)
  	at org.gradle.internal.operations.DefaultBuildOperationRunner.execute(DefaultBuildOperationRunner.java:60)
  	at org.gradle.internal.operations.DefaultBuildOperationRunner.call(DefaultBuildOperationRunner.java:54)
  	at org.gradle.internal.execution.steps.ExecuteStep.execute(ExecuteStep.java:56)
  	at org.gradle.internal.execution.steps.ExecuteStep.execute(ExecuteStep.java:44)
  	at org.gradle.internal.execution.steps.CancelExecutionStep.execute(CancelExecutionStep.java:42)
  	at org.gradle.internal.execution.steps.TimeoutStep.executeWithoutTimeout(TimeoutStep.java:75)
  	at org.gradle.internal.execution.steps.TimeoutStep.execute(TimeoutStep.java:55)
  	at org.gradle.internal.execution.steps.PreCreateOutputParentsStep.execute(PreCreateOutputParentsStep.java:50)
  	at org.gradle.internal.execution.steps.PreCreateOutputParentsStep.execute(PreCreateOutputParentsStep.java:28)
  	at org.gradle.internal.execution.steps.RemovePreviousOutputsStep.execute(RemovePreviousOutputsStep.java:67)
  	at org.gradle.internal.execution.steps.RemovePreviousOutputsStep.execute(RemovePreviousOutputsStep.java:37)
  	at org.gradle.internal.execution.steps.BroadcastChangingOutputsStep.execute(BroadcastChangingOutputsStep.java:61)
  	at org.gradle.internal.execution.steps.BroadcastChangingOutputsStep.execute(BroadcastChangingOutputsStep.java:26)
  	at org.gradle.internal.execution.steps.CaptureOutputsAfterExecutionStep.execute(CaptureOutputsAfterExecutionStep.java:69)
  	at org.gradle.internal.execution.steps.CaptureOutputsAfterExecutionStep.execute(CaptureOutputsAfterExecutionStep.java:46)
  	at org.gradle.internal.execution.steps.ResolveInputChangesStep.execute(ResolveInputChangesStep.java:40)
  	at org.gradle.internal.execution.steps.ResolveInputChangesStep.execute(ResolveInputChangesStep.java:29)
  	at org.gradle.internal.execution.steps.BuildCacheStep.executeWithoutCache(BuildCacheStep.java:189)
  	at org.gradle.internal.execution.steps.BuildCacheStep.lambda$execute$1(BuildCacheStep.java:75)
  	at org.gradle.internal.Either$Right.fold(Either.java:175)
  	at org.gradle.internal.execution.caching.CachingState.fold(CachingState.java:62)
  	at org.gradle.internal.execution.steps.BuildCacheStep.execute(BuildCacheStep.java:73)
  	at org.gradle.internal.execution.steps.BuildCacheStep.execute(BuildCacheStep.java:48)
  	at org.gradle.internal.execution.steps.StoreExecutionStateStep.execute(StoreExecutionStateStep.java:46)
  	at org.gradle.internal.execution.steps.StoreExecutionStateStep.execute(StoreExecutionStateStep.java:35)
  	at org.gradle.internal.execution.steps.SkipUpToDateStep.executeBecause(SkipUpToDateStep.java:75)
  	at org.gradle.internal.execution.steps.SkipUpToDateStep.lambda$execute$2(SkipUpToDateStep.java:53)
  	at java.base/java.util.Optional.orElseGet(Optional.java:364)
  	at org.gradle.internal.execution.steps.SkipUpToDateStep.execute(SkipUpToDateStep.java:53)
  	at org.gradle.internal.execution.steps.SkipUpToDateStep.execute(SkipUpToDateStep.java:35)
  	at org.gradle.internal.execution.steps.legacy.MarkSnapshottingInputsFinishedStep.execute(MarkSnapshottingInputsFinishedStep.java:37)
  	at org.gradle.internal.execution.steps.legacy.MarkSnapshottingInputsFinishedStep.execute(MarkSnapshottingInputsFinishedStep.java:27)
  	at org.gradle.internal.execution.steps.ResolveIncrementalCachingStateStep.executeDelegate(ResolveIncrementalCachingStateStep.java:49)
  	at org.gradle.internal.execution.steps.ResolveIncrementalCachingStateStep.executeDelegate(ResolveIncrementalCachingStateStep.java:27)
  	at org.gradle.internal.execution.steps.AbstractResolveCachingStateStep.execute(AbstractResolveCachingStateStep.java:71)
  	at org.gradle.internal.execution.steps.AbstractResolveCachingStateStep.execute(AbstractResolveCachingStateStep.java:39)
  	at org.gradle.internal.execution.steps.ResolveChangesStep.execute(ResolveChangesStep.java:65)
  	at org.gradle.internal.execution.steps.ResolveChangesStep.execute(ResolveChangesStep.java:36)
  	at org.gradle.internal.execution.steps.ValidateStep.execute(ValidateStep.java:107)
  	at org.gradle.internal.execution.steps.ValidateStep.execute(ValidateStep.java:56)
  	at org.gradle.internal.execution.steps.AbstractCaptureStateBeforeExecutionStep.execute(AbstractCaptureStateBeforeExecutionStep.java:64)
  	at org.gradle.internal.execution.steps.AbstractCaptureStateBeforeExecutionStep.execute(AbstractCaptureStateBeforeExecutionStep.java:43)
  	at org.gradle.internal.execution.steps.AbstractSkipEmptyWorkStep.executeWithNonEmptySources(AbstractSkipEmptyWorkStep.java:125)
  	at org.gradle.internal.execution.steps.AbstractSkipEmptyWorkStep.execute(AbstractSkipEmptyWorkStep.java:56)
  	at org.gradle.internal.execution.steps.AbstractSkipEmptyWorkStep.execute(AbstractSkipEmptyWorkStep.java:36)
  	at org.gradle.internal.execution.steps.legacy.MarkSnapshottingInputsStartedStep.execute(MarkSnapshottingInputsStartedStep.java:38)
  	at org.gradle.internal.execution.steps.LoadPreviousExecutionStateStep.execute(LoadPreviousExecutionStateStep.java:36)
  	at org.gradle.internal.execution.steps.LoadPreviousExecutionStateStep.execute(LoadPreviousExecutionStateStep.java:23)
  	at org.gradle.internal.execution.steps.HandleStaleOutputsStep.execute(HandleStaleOutputsStep.java:75)
  	at org.gradle.internal.execution.steps.HandleStaleOutputsStep.execute(HandleStaleOutputsStep.java:41)
  	at org.gradle.internal.execution.steps.AssignMutableWorkspaceStep.lambda$execute$0(AssignMutableWorkspaceStep.java:35)
  	at org.gradle.api.internal.tasks.execution.TaskExecution$4.withWorkspace(TaskExecution.java:289)
  	at org.gradle.internal.execution.steps.AssignMutableWorkspaceStep.execute(AssignMutableWorkspaceStep.java:31)
  	at org.gradle.internal.execution.steps.AssignMutableWorkspaceStep.execute(AssignMutableWorkspaceStep.java:22)
  	at org.gradle.internal.execution.steps.ChoosePipelineStep.execute(ChoosePipelineStep.java:40)
  	at org.gradle.internal.execution.steps.ChoosePipelineStep.execute(ChoosePipelineStep.java:23)
  	at org.gradle.internal.execution.steps.ExecuteWorkBuildOperationFiringStep.lambda$execute$2(ExecuteWorkBuildOperationFiringStep.java:67)
  	at java.base/java.util.Optional.orElseGet(Optional.java:364)
  	at org.gradle.internal.execution.steps.ExecuteWorkBuildOperationFiringStep.execute(ExecuteWorkBuildOperationFiringStep.java:67)
  	at org.gradle.internal.execution.steps.ExecuteWorkBuildOperationFiringStep.execute(ExecuteWorkBuildOperationFiringStep.java:39)
  	at org.gradle.internal.execution.steps.IdentityCacheStep.execute(IdentityCacheStep.java:46)
  	at org.gradle.internal.execution.steps.IdentityCacheStep.execute(IdentityCacheStep.java:34)
  	at org.gradle.internal.execution.steps.IdentifyStep.execute(IdentifyStep.java:48)
  	at org.gradle.internal.execution.steps.IdentifyStep.execute(IdentifyStep.java:35)
  	at org.gradle.internal.execution.impl.DefaultExecutionEngine$1.execute(DefaultExecutionEngine.java:61)
  	at org.gradle.api.internal.tasks.execution.ExecuteActionsTaskExecuter.executeIfValid(ExecuteActionsTaskExecuter.java:127)
  	at org.gradle.api.internal.tasks.execution.ExecuteActionsTaskExecuter.execute(ExecuteActionsTaskExecuter.java:116)
  	at org.gradle.api.internal.tasks.execution.ProblemsTaskPathTrackingTaskExecuter.execute(ProblemsTaskPathTrackingTaskExecuter.java:40)
  	at org.gradle.api.internal.tasks.execution.FinalizePropertiesTaskExecuter.execute(FinalizePropertiesTaskExecuter.java:46)
  	at org.gradle.api.internal.tasks.execution.ResolveTaskExecutionModeExecuter.execute(ResolveTaskExecutionModeExecuter.java:51)
  	at org.gradle.api.internal.tasks.execution.SkipTaskWithNoActionsExecuter.execute(SkipTaskWithNoActionsExecuter.java:57)
  	at org.gradle.api.internal.tasks.execution.SkipOnlyIfTaskExecuter.execute(SkipOnlyIfTaskExecuter.java:74)
  	at org.gradle.api.internal.tasks.execution.CatchExceptionTaskExecuter.execute(CatchExceptionTaskExecuter.java:36)
  	at org.gradle.api.internal.tasks.execution.EventFiringTaskExecuter$1.executeTask(EventFiringTaskExecuter.java:77)
  	at org.gradle.api.internal.tasks.execution.EventFiringTaskExecuter$1.call(EventFiringTaskExecuter.java:55)
  	at org.gradle.api.internal.tasks.execution.EventFiringTaskExecuter$1.call(EventFiringTaskExecuter.java:52)
  	at org.gradle.internal.operations.DefaultBuildOperationRunner$CallableBuildOperationWorker.execute(DefaultBuildOperationRunner.java:210)
  	at org.gradle.internal.operations.DefaultBuildOperationRunner$CallableBuildOperationWorker.execute(DefaultBuildOperationRunner.java:205)
  	at org.gradle.internal.operations.DefaultBuildOperationRunner$2.execute(DefaultBuildOperationRunner.java:67)
  	at org.gradle.internal.operations.DefaultBuildOperationRunner$2.execute(DefaultBuildOperationRunner.java:60)
  	at org.gradle.internal.operations.DefaultBuildOperationRunner.execute(DefaultBuildOperationRunner.java:167)
  	at org.gradle.internal.operations.DefaultBuildOperationRunner.execute(DefaultBuildOperationRunner.java:60)
  	at org.gradle.internal.operations.DefaultBuildOperationRunner.call(DefaultBuildOperationRunner.java:54)
  	at org.gradle.api.internal.tasks.execution.EventFiringTaskExecuter.execute(EventFiringTaskExecuter.java:52)
  	at org.gradle.execution.plan.LocalTaskNodeExecutor.execute(LocalTaskNodeExecutor.java:42)
  	at org.gradle.execution.taskgraph.DefaultTaskExecutionGraph$InvokeNodeExecutorsAction.execute(DefaultTaskExecutionGraph.java:331)
  	at org.gradle.execution.taskgraph.DefaultTaskExecutionGraph$InvokeNodeExecutorsAction.execute(DefaultTaskExecutionGraph.java:318)
  	at org.gradle.execution.taskgraph.DefaultTaskExecutionGraph$BuildOperationAwareExecutionAction.lambda$execute$0(DefaultTaskExecutionGraph.java:314)
  	at org.gradle.internal.operations.CurrentBuildOperationRef.with(CurrentBuildOperationRef.java:85)
node.exe : [31m[1merr
or[22m[39m 
[0mFailed to install 
the app. Command 
failed with exit code 
1: gradlew.bat 
app:installDebug -Preac
tNativeDevServerPort=80
81 FAILURE: Build 
failed with an 
exception. * What went 
wrong: Execution 
failed for task ':app:c
onfigureCMakeDebug[arm6
4-v8a]'. > [CXX1429] 
error when building 
with cmake using C:\Esc
rowITX\Solution\EscrowI
TXMob\EscrowITXMobile\n
ode_modules\react-nativ
e\ReactAndroid\cmake-ut
ils\default-app-setup\C
MakeLists.txt: -- The 
C compiler 
identification is 
Clang 18.0.2 -- The 
CXX compiler 
identification is 
Clang 18.0.2 -- 
Detecting C compiler 
ABI info -- Detecting 
C compiler ABI info - 
done -- Check for 
working C compiler: C:/
Users/anaka/AppData/Loc
al/Android/Sdk/ndk/27.1
.12297006/toolchains/ll
vm/prebuilt/windows-x86
_64/bin/clang.exe - 
skipped -- Detecting C 
compile features -- 
Detecting C compile 
features - done -- 
Detecting CXX compiler 
ABI info -- Detecting 
CXX compiler ABI info 
- done -- Check for 
working CXX compiler: C
:/Users/anaka/AppData/L
ocal/Android/Sdk/ndk/27
.1.12297006/toolchains/
llvm/prebuilt/windows-x
86_64/bin/clang++.exe 
- skipped -- Detecting 
CXX compile features 
-- Detecting CXX 
compile features - 
done -- Configuring 
incomplete, errors 
occurred! See also "C:/
EscrowITX/Solution/Escr
owITXMob/EscrowITXMobil
e/android/app/.cxx/Debu
g/5r4y1s1n/arm64-v8a/CM
akeFiles/CMakeOutput.lo
g". See also "C:/Escrow
ITX/Solution/EscrowITXM
ob/EscrowITXMobile/andr
oid/app/.cxx/Debug/5r4y
1s1n/arm64-v8a/CMakeFil
es/CMakeError.log". 
C++ build system 
[configure] failed 
while executing: @echo 
off "C:\\Users\\anaka\\
AppData\\Local\\Android
\\Sdk\\cmake\\3.22.1\\b
in\\cmake.exe" ^ "-HC:\
\EscrowITX\\Solution\\E
scrowITXMob\\EscrowITXM
obile\\node_modules\\re
act-native\\ReactAndroi
d\\cmake-utils\\default
-app-setup" ^ "-DCMAKE_
SYSTEM_NAME=Android" ^ 
"-DCMAKE_EXPORT_COMPILE
_COMMANDS=ON" ^ "-DCMAK
E_SYSTEM_VERSION=24" ^ 
"-DANDROID_PLATFORM=and
roid-24" ^ "-DANDROID_A
BI=arm64-v8a" ^ "-DCMAK
E_ANDROID_ARCH_ABI=arm6
4-v8a" ^ "-DANDROID_NDK
=C:\\Users\\anaka\\AppD
ata\\Local\\Android\\Sd
k\\ndk\\27.1.12297006" 
^ "-DCMAKE_ANDROID_NDK=
C:\\Users\\anaka\\AppDa
ta\\Local\\Android\\Sdk
\\ndk\\27.1.12297006" 
^ "-DCMAKE_TOOLCHAIN_FI
LE=C:\\Users\\anaka\\Ap
pData\\Local\\Android\\
Sdk\\ndk\\27.1.12297006
\\build\\cmake\\android
.toolchain.cmake" ^ "-D
CMAKE_MAKE_PROGRAM=C:\\
Users\\anaka\\AppData\\
Local\\Android\\Sdk\\cm
ake\\3.22.1\\bin\\ninja
.exe" ^ "-DCMAKE_LIBRAR
Y_OUTPUT_DIRECTORY=C:\\
EscrowITX\\Solution\\Es
crowITXMob\\EscrowITXMo
bile\\android\\app\\bui
ld\\intermediates\\cxx\
\Debug\\5r4y1s1n\\obj\\
arm64-v8a" ^ "-DCMAKE_R
UNTIME_OUTPUT_DIRECTORY
=C:\\EscrowITX\\Solutio
n\\EscrowITXMob\\Escrow
ITXMobile\\android\\app
\\build\\intermediates\
\cxx\\Debug\\5r4y1s1n\\
obj\\arm64-v8a" ^ "-DCM
AKE_BUILD_TYPE=Debug" 
^ "-DCMAKE_FIND_ROOT_PA
TH=C:\\EscrowITX\\Solut
ion\\EscrowITXMob\\Escr
owITXMobile\\android\\a
pp\\.cxx\\Debug\\5r4y1s
1n\\prefab\\arm64-v8a\\
prefab" ^ "-BC:\\Escrow
ITX\\Solution\\EscrowIT
XMob\\EscrowITXMobile\\
android\\app\\.cxx\\Deb
ug\\5r4y1s1n\\arm64-v8a
" ^ -GNinja ^ "-DPROJEC
T_BUILD_DIR=C:\\EscrowI
TX\\Solution\\EscrowITX
Mob\\EscrowITXMobile\\a
ndroid\\app\\build" ^ "
-DPROJECT_ROOT_DIR=C:\\
EscrowITX\\Solution\\Es
crowITXMob\\EscrowITXMo
bile\\android" ^ "-DREA
CT_ANDROID_DIR=C:\\Escr
owITX\\Solution\\Escrow
ITXMob\\EscrowITXMobile
\\node_modules\\react-n
ative\\ReactAndroid" ^ 
"-DANDROID_STL=c++_shar
ed" ^ "-DANDROID_SUPPOR
T_FLEXIBLE_PAGE_SIZES=O
N" from C:\EscrowITX\So
lution\EscrowITXMob\Esc
rowITXMobile\android\ap
p CMake Error at C:/Esc
rowITX/Solution/EscrowI
TXMob/EscrowITXMobile/a
ndroid/app/build/genera
ted/autolinking/src/mai
n/jni/Android-autolinki
ng.cmake:20 
(add_subdirectory): 
add_subdirectory given 
source "C:/EscrowITX/So
lution/EscrowITXMob/Esc
rowITXMobile/node_modul
es/react-native-worklet
s-core/android/build/ge
nerated/source/codegen/
jni/" which is not an 
existing directory. 
Call Stack (most 
recent call first): C:/
EscrowITX/Solution/Escr
owITXMob/EscrowITXMobil
e/node_modules/react-na
tive/ReactAndroid/cmake
-utils/ReactNative-appl
ication.cmake:94 
(include) 
CMakeLists.txt:31 
(include) CMake Error 
at C:/EscrowITX/Solutio
n/EscrowITXMob/EscrowIT
XMobile/node_modules/re
act-native/ReactAndroid
/cmake-utils/ReactNativ
e-application.cmake:97 
(target_link_libraries)
: Cannot specify link 
libraries for target "r
eact_codegen_RNWorklets
Spec" which is not 
built by this project. 
Call Stack (most 
recent call first): 
CMakeLists.txt:31 
(include) : com.android
.ide.common.process.Pro
cessException: -- The 
C compiler 
identification is 
Clang 18.0.2 -- The 
CXX compiler 
identification is 
Clang 18.0.2 -- 
Detecting C compiler 
ABI info -- Detecting 
C compiler ABI info - 
done -- Check for 
working C compiler: C:/
Users/anaka/AppData/Loc
al/Android/Sdk/ndk/27.1
.12297006/toolchains/ll
vm/prebuilt/windows-x86
_64/bin/clang.exe - 
skipped -- Detecting C 
compile features -- 
Detecting C compile 
features - done -- 
Detecting CXX compiler 
ABI info -- Detecting 
CXX compiler ABI info 
- done -- Check for 
working CXX compiler: C
:/Users/anaka/AppData/L
ocal/Android/Sdk/ndk/27
.1.12297006/toolchains/
llvm/prebuilt/windows-x
86_64/bin/clang++.exe 
- skipped -- Detecting 
CXX compile features 
-- Detecting CXX 
compile features - 
done -- Configuring 
incomplete, errors 
occurred! See also "C:/
EscrowITX/Solution/Escr
owITXMob/EscrowITXMobil
e/android/app/.cxx/Debu
g/5r4y1s1n/arm64-v8a/CM
akeFiles/CMakeOutput.lo
g". See also "C:/Escrow
ITX/Solution/EscrowITXM
ob/EscrowITXMobile/andr
oid/app/.cxx/Debug/5r4y
1s1n/arm64-v8a/CMakeFil
es/CMakeError.log". 
C++ build system 
[configure] failed 
while executing: @echo 
off "C:\\Users\\anaka\\
AppData\\Local\\Android
\\Sdk\\cmake\\3.22.1\\b
in\\cmake.exe" ^ "-HC:\
\EscrowITX\\Solution\\E
scrowITXMob\\EscrowITXM
obile\\node_modules\\re
act-native\\ReactAndroi
d\\cmake-utils\\default
-app-setup" ^ "-DCMAKE_
SYSTEM_NAME=Android" ^ 
"-DCMAKE_EXPORT_COMPILE
_COMMANDS=ON" ^ "-DCMAK
E_SYSTEM_VERSION=24" ^ 
"-DANDROID_PLATFORM=and
roid-24" ^ "-DANDROID_A
BI=arm64-v8a" ^ "-DCMAK
E_ANDROID_ARCH_ABI=arm6
4-v8a" ^ "-DANDROID_NDK
=C:\\Users\\anaka\\AppD
ata\\Local\\Android\\Sd
k\\ndk\\27.1.12297006" 
^ "-DCMAKE_ANDROID_NDK=
C:\\Users\\anaka\\AppDa
ta\\Local\\Android\\Sdk
\\ndk\\27.1.12297006" 
^ "-DCMAKE_TOOLCHAIN_FI
LE=C:\\Users\\anaka\\Ap
pData\\Local\\Android\\
Sdk\\ndk\\27.1.12297006
\\build\\cmake\\android
.toolchain.cmake" ^ "-D
CMAKE_MAKE_PROGRAM=C:\\
Users\\anaka\\AppData\\
Local\\Android\\Sdk\\cm
ake\\3.22.1\\bin\\ninja
.exe" ^ "-DCMAKE_LIBRAR
Y_OUTPUT_DIRECTORY=C:\\
EscrowITX\\Solution\\Es
crowITXMob\\EscrowITXMo
bile\\android\\app\\bui
ld\\intermediates\\cxx\
\Debug\\5r4y1s1n\\obj\\
arm64-v8a" ^ "-DCMAKE_R
UNTIME_OUTPUT_DIRECTORY
=C:\\EscrowITX\\Solutio
n\\EscrowITXMob\\Escrow
ITXMobile\\android\\app
\\build\\intermediates\
\cxx\\Debug\\5r4y1s1n\\
obj\\arm64-v8a" ^ "-DCM
AKE_BUILD_TYPE=Debug" 
^ "-DCMAKE_FIND_ROOT_PA
TH=C:\\EscrowITX\\Solut
ion\\EscrowITXMob\\Escr
owITXMobile\\android\\a
pp\\.cxx\\Debug\\5r4y1s
1n\\prefab\\arm64-v8a\\
prefab" ^ "-BC:\\Escrow
ITX\\Solution\\EscrowIT
XMob\\EscrowITXMobile\\
android\\app\\.cxx\\Deb
ug\\5r4y1s1n\\arm64-v8a
" ^ -GNinja ^ "-DPROJEC
T_BUILD_DIR=C:\\EscrowI
TX\\Solution\\EscrowITX
Mob\\EscrowITXMobile\\a
ndroid\\app\\build" ^ "
-DPROJECT_ROOT_DIR=C:\\
EscrowITX\\Solution\\Es
crowITXMob\\EscrowITXMo
bile\\android" ^ "-DREA
CT_ANDROID_DIR=C:\\Escr
owITX\\Solution\\Escrow
ITXMob\\EscrowITXMobile
\\node_modules\\react-n
ative\\ReactAndroid" ^ 
"-DANDROID_STL=c++_shar
ed" ^ "-DANDROID_SUPPOR
T_FLEXIBLE_PAGE_SIZES=O
N" from C:\EscrowITX\So
lution\EscrowITXMob\Esc
rowITXMobile\android\ap
p CMake Error at C:/Esc
rowITX/Solution/EscrowI
TXMob/EscrowITXMobile/a
ndroid/app/build/genera
ted/autolinking/src/mai
n/jni/Android-autolinki
ng.cmake:20 
(add_subdirectory): 
add_subdirectory given 
source "C:/EscrowITX/So
lution/EscrowITXMob/Esc
rowITXMobile/node_modul
es/react-native-worklet
s-core/android/build/ge
nerated/source/codegen/
jni/" which is not an 
existing directory. 
Call Stack (most 
recent call first): C:/
EscrowITX/Solution/Escr
owITXMob/EscrowITXMobil
e/node_modules/react-na
tive/ReactAndroid/cmake
-utils/ReactNative-appl
ication.cmake:94 
(include) 
CMakeLists.txt:31 
(include) CMake Error 
at C:/EscrowITX/Solutio
n/EscrowITXMob/EscrowIT
XMobile/node_modules/re
act-native/ReactAndroid
/cmake-utils/ReactNativ
e-application.cmake:97 
(target_link_libraries)
: Cannot specify link 
libraries for target "r
eact_codegen_RNWorklets
Spec" which is not 
built by this project. 
Call Stack (most 
recent call first): 
CMakeLists.txt:31 
(include) at com.androi
d.build.gradle.internal
.cxx.process.ExecutePro
cessKt.execute(ExecuteP
rocess.kt:288) at com.a
ndroid.build.gradle.int
ernal.cxx.process.Execu
teProcessKt$executeProc
ess$1.invoke(ExecutePro
cess.kt:108) at com.and
roid.build.gradle.inter
nal.cxx.process.Execute
ProcessKt$executeProces
s$1.invoke(ExecuteProce
ss.kt:106) at com.andro
id.build.gradle.interna
l.cxx.timing.TimingEnvi
ronmentKt.time(TimingEn
vironment.kt:32) at com
.android.build.gradle.i
nternal.cxx.process.Exe
cuteProcessKt.executePr
ocess(ExecuteProcess.kt
:106) at com.android.bu
ild.gradle.internal.cxx
.process.ExecuteProcess
Kt.executeProcess$defau
lt(ExecuteProcess.kt:85
) at com.android.build.
gradle.tasks.CmakeQuery
MetadataGenerator.execu
teProcess(CmakeFileApiM
etadataGenerator.kt:59)
 at com.android.build.g
radle.tasks.ExternalNat
iveJsonGenerator$config
ureOneAbi$1$1$3.invoke(
ExternalNativeJsonGener
ator.kt:247) at com.and
roid.build.gradle.tasks
.ExternalNativeJsonGene
rator$configureOneAbi$1
$1$3.invoke(ExternalNat
iveJsonGenerator.kt:247
) at com.android.build.
gradle.internal.cxx.tim
ing.TimingEnvironmentKt
.time(TimingEnvironment
.kt:32) at com.android.
build.gradle.tasks.Exte
rnalNativeJsonGenerator
.configureOneAbi(Extern
alNativeJsonGenerator.k
t:247) at com.android.b
uild.gradle.tasks.Exter
nalNativeJsonGenerator.
configure(ExternalNativ
eJsonGenerator.kt:113) 
at com.android.build.gr
adle.tasks.ExternalNati
veBuildJsonTask.doTaskA
ction(ExternalNativeBui
ldJsonTask.kt:89) at co
m.android.build.gradle.
internal.tasks.UnsafeOu
tputsTask$taskAction$$i
nlined$recordTaskAction
$1.invoke(BaseTask.kt:5
9) at com.android.build
.gradle.internal.tasks.
Blocks.recordSpan(Block
s.java:51) at com.andro
id.build.gradle.interna
l.tasks.UnsafeOutputsTa
sk.taskAction(UnsafeOut
putsTask.kt:81) at jdk.
internal.reflect.Genera
tedMethodAccessor1395.i
nvoke(Unknown Source) 
at java.base/jdk.intern
al.reflect.DelegatingMe
thodAccessorImpl.invoke
(DelegatingMethodAccess
orImpl.java:43) at java
.base/java.lang.reflect
.Method.invoke(Method.j
ava:568) at org.gradle.
internal.reflect.JavaMe
thod.invoke(JavaMethod.
java:125) at org.gradle
.api.internal.project.t
askfactory.StandardTask
Action.doExecute(Standa
rdTaskAction.java:58) 
at org.gradle.api.inter
nal.project.taskfactory
.StandardTaskAction.exe
cute(StandardTaskAction
.java:51) at org.gradle
.api.internal.project.t
askfactory.StandardTask
Action.execute(Standard
TaskAction.java:29) at 
org.gradle.api.internal
.tasks.execution.TaskEx
ecution$3.run(TaskExecu
tion.java:244) at org.g
radle.internal.operatio
ns.DefaultBuildOperatio
nRunner$1.execute(Defau
ltBuildOperationRunner.
java:30) at org.gradle.
internal.operations.Def
aultBuildOperationRunne
r$1.execute(DefaultBuil
dOperationRunner.java:2
7) at org.gradle.intern
al.operations.DefaultBu
ildOperationRunner$2.ex
ecute(DefaultBuildOpera
tionRunner.java:67) at 
org.gradle.internal.ope
rations.DefaultBuildOpe
rationRunner$2.execute(
DefaultBuildOperationRu
nner.java:60) at org.gr
adle.internal.operation
s.DefaultBuildOperation
Runner.execute(DefaultB
uildOperationRunner.jav
a:167) at org.gradle.in
ternal.operations.Defau
ltBuildOperationRunner.
execute(DefaultBuildOpe
rationRunner.java:60) 
at org.gradle.internal.
operations.DefaultBuild
OperationRunner.run(Def
aultBuildOperationRunne
r.java:48) at org.gradl
e.api.internal.tasks.ex
ecution.TaskExecution.e
xecuteAction(TaskExecut
ion.java:229) at org.gr
adle.api.internal.tasks
.execution.TaskExecutio
n.executeActions(TaskEx
ecution.java:212) at or
g.gradle.api.internal.t
asks.execution.TaskExec
ution.executeWithPrevio
usOutputFiles(TaskExecu
tion.java:195) at org.g
radle.api.internal.task
s.execution.TaskExecuti
on.execute(TaskExecutio
n.java:162) at org.grad
le.internal.execution.s
teps.ExecuteStep.execut
eInternal(ExecuteStep.j
ava:105) at org.gradle.
internal.execution.step
s.ExecuteStep.access$00
0(ExecuteStep.java:44) 
at org.gradle.internal.
execution.steps.Execute
Step$1.call(ExecuteStep
.java:59) at org.gradle
.internal.execution.ste
ps.ExecuteStep$1.call(E
xecuteStep.java:56) at 
org.gradle.internal.ope
rations.DefaultBuildOpe
rationRunner$CallableBu
ildOperationWorker.exec
ute(DefaultBuildOperati
onRunner.java:210) at o
rg.gradle.internal.oper
ations.DefaultBuildOper
ationRunner$CallableBui
ldOperationWorker.execu
te(DefaultBuildOperatio
nRunner.java:205) at or
g.gradle.internal.opera
tions.DefaultBuildOpera
tionRunner$2.execute(De
faultBuildOperationRunn
er.java:67) at org.grad
le.internal.operations.
DefaultBuildOperationRu
nner$2.execute(DefaultB
uildOperationRunner.jav
a:60) at org.gradle.int
ernal.operations.Defaul
tBuildOperationRunner.e
xecute(DefaultBuildOper
ationRunner.java:167) 
at org.gradle.internal.
operations.DefaultBuild
OperationRunner.execute
(DefaultBuildOperationR
unner.java:60) at org.g
radle.internal.operatio
ns.DefaultBuildOperatio
nRunner.call(DefaultBui
ldOperationRunner.java:
54) at org.gradle.inter
nal.execution.steps.Exe
cuteStep.execute(Execut
eStep.java:56) at org.g
radle.internal.executio
n.steps.ExecuteStep.exe
cute(ExecuteStep.java:4
4) at org.gradle.intern
al.execution.steps.Canc
elExecutionStep.execute
(CancelExecutionStep.ja
va:42) at org.gradle.in
ternal.execution.steps.
TimeoutStep.executeWith
outTimeout(TimeoutStep.
java:75) at org.gradle.
internal.execution.step
s.TimeoutStep.execute(T
imeoutStep.java:55) at 
org.gradle.internal.exe
cution.steps.PreCreateO
utputParentsStep.execut
e(PreCreateOutputParent
sStep.java:50) at org.g
radle.internal.executio
n.steps.PreCreateOutput
ParentsStep.execute(Pre
CreateOutputParentsStep
.java:28) at org.gradle
.internal.execution.ste
ps.RemovePreviousOutput
sStep.execute(RemovePre
viousOutputsStep.java:6
7) at org.gradle.intern
al.execution.steps.Remo
vePreviousOutputsStep.e
xecute(RemovePreviousOu
tputsStep.java:37) at o
rg.gradle.internal.exec
ution.steps.BroadcastCh
angingOutputsStep.execu
te(BroadcastChangingOut
putsStep.java:61) at or
g.gradle.internal.execu
tion.steps.BroadcastCha
ngingOutputsStep.execut
e(BroadcastChangingOutp
utsStep.java:26) at org
.gradle.internal.execut
ion.steps.CaptureOutput
sAfterExecutionStep.exe
cute(CaptureOutputsAfte
rExecutionStep.java:69)
 at org.gradle.internal
.execution.steps.Captur
eOutputsAfterExecutionS
tep.execute(CaptureOutp
utsAfterExecutionStep.j
ava:46) at org.gradle.i
nternal.execution.steps
.ResolveInputChangesSte
p.execute(ResolveInputC
hangesStep.java:40) at 
org.gradle.internal.exe
cution.steps.ResolveInp
utChangesStep.execute(R
esolveInputChangesStep.
java:29) at org.gradle.
internal.execution.step
s.BuildCacheStep.execut
eWithoutCache(BuildCach
eStep.java:189) at org.
gradle.internal.executi
on.steps.BuildCacheStep
.lambda$execute$1(Build
CacheStep.java:75) at o
rg.gradle.internal.Eith
er$Right.fold(Either.ja
va:175) at org.gradle.i
nternal.execution.cachi
ng.CachingState.fold(Ca
chingState.java:62) at 
org.gradle.internal.exe
cution.steps.BuildCache
Step.execute(BuildCache
Step.java:73) at org.gr
adle.internal.execution
.steps.BuildCacheStep.e
xecute(BuildCacheStep.j
ava:48) at org.gradle.i
nternal.execution.steps
.StoreExecutionStateSte
p.execute(StoreExecutio
nStateStep.java:46) at 
org.gradle.internal.exe
cution.steps.StoreExecu
tionStateStep.execute(S
toreExecutionStateStep.
java:35) at org.gradle.
internal.execution.step
s.SkipUpToDateStep.exec
uteBecause(SkipUpToDate
Step.java:75) at org.gr
adle.internal.execution
.steps.SkipUpToDateStep
.lambda$execute$2(SkipU
pToDateStep.java:53) 
at java.base/java.util.
Optional.orElseGet(Opti
onal.java:364) at org.g
radle.internal.executio
n.steps.SkipUpToDateSte
p.execute(SkipUpToDateS
tep.java:53) at org.gra
dle.internal.execution.
steps.SkipUpToDateStep.
execute(SkipUpToDateSte
p.java:35) at org.gradl
e.internal.execution.st
eps.legacy.MarkSnapshot
tingInputsFinishedStep.
execute(MarkSnapshottin
gInputsFinishedStep.jav
a:37) at org.gradle.int
ernal.execution.steps.l
egacy.MarkSnapshottingI
nputsFinishedStep.execu
te(MarkSnapshottingInpu
tsFinishedStep.java:27)
 at org.gradle.internal
.execution.steps.Resolv
eIncrementalCachingStat
eStep.executeDelegate(R
esolveIncrementalCachin
gStateStep.java:49) at 
org.gradle.internal.exe
cution.steps.ResolveInc
rementalCachingStateSte
p.executeDelegate(Resol
veIncrementalCachingSta
teStep.java:27) at org.
gradle.internal.executi
on.steps.AbstractResolv
eCachingStateStep.execu
te(AbstractResolveCachi
ngStateStep.java:71) 
at org.gradle.internal.
execution.steps.Abstrac
tResolveCachingStateSte
p.execute(AbstractResol
veCachingStateStep.java
:39) at org.gradle.inte
rnal.execution.steps.Re
solveChangesStep.execut
e(ResolveChangesStep.ja
va:65) at org.gradle.in
ternal.execution.steps.
ResolveChangesStep.exec
ute(ResolveChangesStep.
java:36) at org.gradle.
internal.execution.step
s.ValidateStep.execute(
ValidateStep.java:107) 
at org.gradle.internal.
execution.steps.Validat
eStep.execute(ValidateS
tep.java:56) at org.gra
dle.internal.execution.
steps.AbstractCaptureSt
ateBeforeExecutionStep.
execute(AbstractCapture
StateBeforeExecutionSte
p.java:64) at org.gradl
e.internal.execution.st
eps.AbstractCaptureStat
eBeforeExecutionStep.ex
ecute(AbstractCaptureSt
ateBeforeExecutionStep.
java:43) at org.gradle.
internal.execution.step
s.AbstractSkipEmptyWork
Step.executeWithNonEmpt
ySources(AbstractSkipEm
ptyWorkStep.java:125) 
at org.gradle.internal.
execution.steps.Abstrac
tSkipEmptyWorkStep.exec
ute(AbstractSkipEmptyWo
rkStep.java:56) at org.
gradle.internal.executi
on.steps.AbstractSkipEm
ptyWorkStep.execute(Abs
tractSkipEmptyWorkStep.
java:36) at org.gradle.
internal.execution.step
s.legacy.MarkSnapshotti
ngInputsStartedStep.exe
cute(MarkSnapshottingIn
putsStartedStep.java:38
) at org.gradle.interna
l.execution.steps.LoadP
reviousExecutionStateSt
ep.execute(LoadPrevious
ExecutionStateStep.java
:36) at org.gradle.inte
rnal.execution.steps.Lo
adPreviousExecutionStat
eStep.execute(LoadPrevi
ousExecutionStateStep.j
ava:23) at org.gradle.i
nternal.execution.steps
.HandleStaleOutputsStep
.execute(HandleStaleOut
putsStep.java:75) at or
g.gradle.internal.execu
tion.steps.HandleStaleO
utputsStep.execute(Hand
leStaleOutputsStep.java
:41) at org.gradle.inte
rnal.execution.steps.As
signMutableWorkspaceSte
p.lambda$execute$0(Assi
gnMutableWorkspaceStep.
java:35) at org.gradle.
api.internal.tasks.exec
ution.TaskExecution$4.w
ithWorkspace(TaskExecut
ion.java:289) at org.gr
adle.internal.execution
.steps.AssignMutableWor
kspaceStep.execute(Assi
gnMutableWorkspaceStep.
java:31) at org.gradle.
internal.execution.step
s.AssignMutableWorkspac
eStep.execute(AssignMut
ableWorkspaceStep.java:
22) at org.gradle.inter
nal.execution.steps.Cho
osePipelineStep.execute
(ChoosePipelineStep.jav
a:40) at org.gradle.int
ernal.execution.steps.C
hoosePipelineStep.execu
te(ChoosePipelineStep.j
ava:23) at org.gradle.i
nternal.execution.steps
.ExecuteWorkBuildOperat
ionFiringStep.lambda$ex
ecute$2(ExecuteWorkBuil
dOperationFiringStep.ja
va:67) at java.base/jav
a.util.Optional.orElseG
et(Optional.java:364) 
at org.gradle.internal.
execution.steps.Execute
WorkBuildOperationFirin
gStep.execute(ExecuteWo
rkBuildOperationFiringS
tep.java:67) at org.gra
dle.internal.execution.
steps.ExecuteWorkBuildO
perationFiringStep.exec
ute(ExecuteWorkBuildOpe
rationFiringStep.java:3
9) at org.gradle.intern
al.execution.steps.Iden
tityCacheStep.execute(I
dentityCacheStep.java:4
6) at org.gradle.intern
al.execution.steps.Iden
tityCacheStep.execute(I
dentityCacheStep.java:3
4) at org.gradle.intern
al.execution.steps.Iden
tifyStep.execute(Identi
fyStep.java:48) at org.
gradle.internal.executi
on.steps.IdentifyStep.e
xecute(IdentifyStep.jav
a:35) at org.gradle.int
ernal.execution.impl.De
faultExecutionEngine$1.
execute(DefaultExecutio
nEngine.java:61) at org
.gradle.api.internal.ta
sks.execution.ExecuteAc
tionsTaskExecuter.execu
teIfValid(ExecuteAction
sTaskExecuter.java:127)
 at org.gradle.api.inte
rnal.tasks.execution.Ex
ecuteActionsTaskExecute
r.execute(ExecuteAction
sTaskExecuter.java:116)
 at org.gradle.api.inte
rnal.tasks.execution.Pr
oblemsTaskPathTrackingT
askExecuter.execute(Pro
blemsTaskPathTrackingTa
skExecuter.java:40) at 
org.gradle.api.internal
.tasks.execution.Finali
zePropertiesTaskExecute
r.execute(FinalizePrope
rtiesTaskExecuter.java:
46) at org.gradle.api.i
nternal.tasks.execution
.ResolveTaskExecutionMo
deExecuter.execute(Reso
lveTaskExecutionModeExe
cuter.java:51) at org.g
radle.api.internal.task
s.execution.SkipTaskWit
hNoActionsExecuter.exec
ute(SkipTaskWithNoActio
nsExecuter.java:57) at 
org.gradle.api.internal
.tasks.execution.SkipOn
lyIfTaskExecuter.execut
e(SkipOnlyIfTaskExecute
r.java:74) at org.gradl
e.api.internal.tasks.ex
ecution.CatchExceptionT
askExecuter.execute(Cat
chExceptionTaskExecuter
.java:36) at org.gradle
.api.internal.tasks.exe
cution.EventFiringTaskE
xecuter$1.executeTask(E
ventFiringTaskExecuter.
java:77) at org.gradle.
api.internal.tasks.exec
ution.EventFiringTaskEx
ecuter$1.call(EventFiri
ngTaskExecuter.java:55)
 at org.gradle.api.inte
rnal.tasks.execution.Ev
entFiringTaskExecuter$1
.call(EventFiringTaskEx
ecuter.java:52) at org.
gradle.internal.operati
ons.DefaultBuildOperati
onRunner$CallableBuildO
perationWorker.execute(
DefaultBuildOperationRu
nner.java:210) at org.g
radle.internal.operatio
ns.DefaultBuildOperatio
nRunner$CallableBuildOp
erationWorker.execute(D
efaultBuildOperationRun
ner.java:205) at org.gr
adle.internal.operation
s.DefaultBuildOperation
Runner$2.execute(Defaul
tBuildOperationRunner.j
ava:67) at org.gradle.i
nternal.operations.Defa
ultBuildOperationRunner
$2.execute(DefaultBuild
OperationRunner.java:60
) at org.gradle.interna
l.operations.DefaultBui
ldOperationRunner.execu
te(DefaultBuildOperatio
nRunner.java:167) at or
g.gradle.internal.opera
tions.DefaultBuildOpera
tionRunner.execute(Defa
ultBuildOperationRunner
.java:60) at org.gradle
.internal.operations.De
faultBuildOperationRunn
er.call(DefaultBuildOpe
rationRunner.java:54) 
at org.gradle.api.inter
nal.tasks.execution.Eve
ntFiringTaskExecuter.ex
ecute(EventFiringTaskEx
ecuter.java:52) at org.
gradle.execution.plan.L
ocalTaskNodeExecutor.ex
ecute(LocalTaskNodeExec
utor.java:42) at org.gr
adle.execution.taskgrap
h.DefaultTaskExecutionG
raph$InvokeNodeExecutor
sAction.execute(Default
TaskExecutionGraph.java
:331) at org.gradle.exe
cution.taskgraph.Defaul
tTaskExecutionGraph$Inv
okeNodeExecutorsAction.
execute(DefaultTaskExec
utionGraph.java:318) 
at org.gradle.execution
.taskgraph.DefaultTaskE
xecutionGraph$BuildOper
ationAwareExecutionActi
on.lambda$execute$0(Def
aultTaskExecutionGraph.
java:314) at org.gradle
.internal.operations.Cu
rrentBuildOperationRef.
with(CurrentBuildOperat
ionRef.java:85) at org.
gradle.execution.taskgr
aph.DefaultTaskExecutio
nGraph$BuildOperationAw
areExecutionAction.exec
ute(DefaultTaskExecutio
nGraph.java:314) at org
.gradle.execution.taskg
raph.DefaultTaskExecuti
onGraph$BuildOperationA
wareExecutionAction.exe
cute(DefaultTaskExecuti
onGraph.java:303) at or
g.gradle.execution.plan
.DefaultPlanExecutor$Ex
ecutorWorker.execute(De
faultPlanExecutor.java:
459) at org.gradle.exec
ution.plan.DefaultPlanE
xecutor$ExecutorWorker.
run(DefaultPlanExecutor
.java:376) at org.gradl
e.internal.concurrent.E
xecutorPolicy$CatchAndR
ecordFailures.onExecute
(ExecutorPolicy.java:64
) at org.gradle.interna
l.concurrent.AbstractMa
nagedExecutor$1.run(Abs
tractManagedExecutor.ja
va:48) at java.base/jav
a.util.concurrent.Threa
dPoolExecutor.runWorker
(ThreadPoolExecutor.jav
a:1136) at java.base/ja
va.util.concurrent.Thre
adPoolExecutor$Worker.r
un(ThreadPoolExecutor.j
ava:635) at java.base/j
ava.lang.Thread.run(Thr
ead.java:833) Caused 
by: com.android.ide.com
mon.process.ProcessExce
ption: Error while 
executing process C:\Us
ers\anaka\AppData\Local
\Android\Sdk\cmake\3.22
.1\bin\cmake.exe with 
arguments {-HC:\EscrowI
TX\Solution\EscrowITXMo
b\EscrowITXMobile\node_
modules\react-native\Re
actAndroid\cmake-utils\
default-app-setup -DCMA
KE_SYSTEM_NAME=Android 
-DCMAKE_EXPORT_COMPILE_
COMMANDS=ON -DCMAKE_SYS
TEM_VERSION=24 -DANDROI
D_PLATFORM=android-24 -
DANDROID_ABI=arm64-v8a 
-DCMAKE_ANDROID_ARCH_AB
I=arm64-v8a -DANDROID_N
DK=C:\Users\anaka\AppDa
ta\Local\Android\Sdk\nd
k\27.1.12297006 -DCMAKE
_ANDROID_NDK=C:\Users\a
naka\AppData\Local\Andr
oid\Sdk\ndk\27.1.122970
06 -DCMAKE_TOOLCHAIN_FI
LE=C:\Users\anaka\AppDa
ta\Local\Android\Sdk\nd
k\27.1.12297006\build\c
make\android.toolchain.
cmake -DCMAKE_MAKE_PROG
RAM=C:\Users\anaka\AppD
ata\Local\Android\Sdk\c
make\3.22.1\bin\ninja.e
xe -DCMAKE_LIBRARY_OUTP
UT_DIRECTORY=C:\EscrowI
TX\Solution\EscrowITXMo
b\EscrowITXMobile\andro
id\app\build\intermedia
tes\cxx\Debug\5r4y1s1n\
obj\arm64-v8a -DCMAKE_R
UNTIME_OUTPUT_DIRECTORY
=C:\EscrowITX\Solution\
EscrowITXMob\EscrowITXM
obile\android\app\build
\intermediates\cxx\Debu
g\5r4y1s1n\obj\arm64-v8
a -DCMAKE_BUILD_TYPE=De
bug -DCMAKE_FIND_ROOT_P
ATH=C:\EscrowITX\Soluti
on\EscrowITXMob\EscrowI
TXMobile\android\app\.c
xx\Debug\5r4y1s1n\prefa
b\arm64-v8a\prefab -BC:
\EscrowITX\Solution\Esc
rowITXMob\EscrowITXMobi
le\android\app\.cxx\Deb
ug\5r4y1s1n\arm64-v8a 
-GNinja -DPROJECT_BUILD
_DIR=C:\EscrowITX\Solut
ion\EscrowITXMob\Escrow
ITXMobile\android\app\b
uild -DPROJECT_ROOT_DIR
=C:\EscrowITX\Solution\
EscrowITXMob\EscrowITXM
obile\android -DREACT_A
NDROID_DIR=C:\EscrowITX
\Solution\EscrowITXMob\
EscrowITXMobile\node_mo
dules\react-native\Reac
tAndroid -DANDROID_STL=
c++_shared -DANDROID_SU
PPORT_FLEXIBLE_PAGE_SIZ
ES=ON} at com.android.b
uild.gradle.internal.pr
ocess.GradleProcessResu
lt.buildProcessExceptio
n(GradleProcessResult.j
ava:73) at com.android.
build.gradle.internal.p
rocess.GradleProcessRes
ult.assertNormalExitVal
ue(GradleProcessResult.
java:48) at com.android
.build.gradle.internal.
cxx.process.ExecuteProc
essKt.execute(ExecutePr
ocess.kt:277) ... 141 
more Caused by: org.gra
dle.process.internal.Ex
ecException: Process 
'command 'C:\Users\anak
a\AppData\Local\Android
\Sdk\cmake\3.22.1\bin\c
make.exe'' finished 
with non-zero exit 
value 1 at org.gradle.p
rocess.internal.Default
ExecHandle$ExecResultIm
pl.assertNormalExitValu
e(DefaultExecHandle.jav
a:442) at com.android.b
uild.gradle.internal.pr
ocess.GradleProcessResu
lt.assertNormalExitValu
e(GradleProcessResult.j
ava:46) ... 142 more * 
Try: > Run with 
--stacktrace option to 
get the stack trace. > 
Run with --info or 
--debug option to get 
more log output. > Run 
with --scan to get 
full insights. > Get 
more help at https://he
lp.gradle.org. BUILD 
FAILED in 41s.[0m
At line:1 char:1
+ & "C:\Program 
Files\nodejs/node.exe" 
"C:\Program 
Files\nodejs/node_mo 
...
+ ~~~~~~~~~~~~~~~~~~~~~
~~~~~~~~~~~~~~~~~~~~~~~
~~~~~~~~~~~~~~~~~~~~~~~
~~
    + CategoryInfo     
         : NotSpecifi  
  ed: ([31m[1merro   
 r...LED in 41s.[    
0m:String) [], Rem    
oteException
    + FullyQualifiedEr 
   rorId : NativeComm  
  andError
 
  	at org.gradle.execution.taskgraph.DefaultTaskExecutionGraph$BuildOperationAwareExecutionAction.execute(DefaultTaskExecutionGraph.java:314)
  	at org.gradle.execution.taskgraph.DefaultTaskExecutionGraph$BuildOperationAwareExecutionAction.execute(DefaultTaskExecutionGraph.java:303)
  	at org.gradle.execution.plan.DefaultPlanExecutor$ExecutorWorker.execute(DefaultPlanExecutor.java:459)
  	at org.gradle.execution.plan.DefaultPlanExecutor$ExecutorWorker.run(DefaultPlanExecutor.java:376)
  	at org.gradle.internal.concurrent.ExecutorPolicy$CatchAndRecordFailures.onExecute(ExecutorPolicy.java:64)
  	at org.gradle.internal.concurrent.AbstractManagedExecutor$1.run(AbstractManagedExecutor.java:48)
  	at java.base/java.util.concurrent.ThreadPoolExecutor.runWorker(ThreadPoolExecutor.java:1136)
  	at java.base/java.util.concurrent.ThreadPoolExecutor$Worker.run(ThreadPoolExecutor.java:635)
  	at java.base/java.lang.Thread.run(Thread.java:833)
  Caused by: com.android.ide.common.process.ProcessException: Error while executing process C:\Users\anaka\AppData\Local\Android\Sdk\cmake\3.22.1\bin\cmake.exe with arguments {-HC:\EscrowITX\Solution\EscrowITXMob\EscrowITXMobile\node_modules\react-native\ReactAndroid\cmake-utils\default-app-setup -DCMAKE_SYSTEM_NAME=Android -DCMAKE_EXPORT_COMPILE_COMMANDS=ON -DCMAKE_SYSTEM_VERSION=24 -DANDROID_PLATFORM=android-24 -DANDROID_ABI=arm64-v8a -DCMAKE_ANDROID_ARCH_ABI=arm64-v8a -DANDROID_NDK=C:\Users\anaka\AppData\Local\Android\Sdk\ndk\27.1.12297006 -DCMAKE_ANDROID_NDK=C:\Users\anaka\AppData\Local\Android\Sdk\ndk\27.1.12297006 -DCMAKE_TOOLCHAIN_FILE=C:\Users\anaka\AppData\Local\Android\Sdk\ndk\27.1.12297006\build\cmake\android.toolchain.cmake -DCMAKE_MAKE_PROGRAM=C:\Users\anaka\AppData\Local\Android\Sdk\cmake\3.22.1\bin\ninja.exe -DCMAKE_LIBRARY_OUTPUT_DIRECTORY=C:\EscrowITX\Solution\EscrowITXMob\EscrowITXMobile\android\app\build\intermediates\cxx\Debug\5r4y1s1n\obj\arm64-v8a -DCMAKE_RUNTIME_OUTPUT_DIRECTORY=C:\EscrowITX\Solution\EscrowITXMob\EscrowITXMobile\android\app\build\intermediates\cxx\Debug\5r4y1s1n\obj\arm64-v8a -DCMAKE_BUILD_TYPE=Debug -DCMAKE_FIND_ROOT_PATH=C:\EscrowITX\Solution\EscrowITXMob\EscrowITXMobile\android\app\.cxx\Debug\5r4y1s1n\prefab\arm64-v8a\prefab -BC:\EscrowITX\Solution\EscrowITXMob\EscrowITXMobile\android\app\.cxx\Debug\5r4y1s1n\arm64-v8a -GNinja -DPROJECT_BUILD_DIR=C:\EscrowITX\Solution\EscrowITXMob\EscrowITXMobile\android\app\build -DPROJECT_ROOT_DIR=C:\EscrowITX\Solution\EscrowITXMob\EscrowITXMobile\android -DREACT_ANDROID_DIR=C:\EscrowITX\Solution\EscrowITXMob\EscrowITXMobile\node_modules\react-native\ReactAndroid -DANDROID_STL=c++_shared -DANDROID_SUPPORT_FLEXIBLE_PAGE_SIZES=ON}
  	at com.android.build.gradle.internal.process.GradleProcessResult.buildProcessException(GradleProcessResult.java:73)
  	at com.android.build.gradle.internal.process.GradleProcessResult.assertNormalExitValue(GradleProcessResult.java:48)
  	at com.android.build.gradle.internal.cxx.process.ExecuteProcessKt.execute(ExecuteProcess.kt:277)
  	... 141 more
  Caused by: org.gradle.process.internal.ExecException: Process 'command 'C:\Users\anaka\AppData\Local\Android\Sdk\cmake\3.22.1\bin\cmake.exe'' finished with non-zero exit value 1
  	at org.gradle.process.internal.DefaultExecHandle$ExecResultImpl.assertNormalExitValue(DefaultExecHandle.java:442)
  	at com.android.build.gradle.internal.process.GradleProcessResult.assertNormalExitValue(GradleProcessResult.java:46)
  	... 142 more


* Try:
> Run with --stacktrace option to get the stack trace.
> Run with --info or --debug option to get more log output.
> Run with --scan to get full insights.
> Get more help at https://help.gradle.org.

BUILD FAILED in 41s[0m
[36m[1minfo[22m[39m [0m[2mRun CLI with [0m--verbose[0m [2mflag for more details.[22m[2m[22m[0m
