src/navigation/RootNavigator.tsx(141,25): error TS7031: Binding element 'route' implicitly has an 'any' type.
src/navigation/RootNavigator.tsx(153,24): error TS7031: Binding element 'color' implicitly has an 'any' type.
src/navigation/RootNavigator.tsx(153,31): error TS7031: Binding element 'size' implicitly has an 'any' type.
src/navigation/RootNavigator.tsx(153,37): error TS7031: Binding element 'focused' implicitly has an 'any' type.
src/screens/AdsScreen/BuyFromTraderScreen.tsx(7,35): error TS2305: Module '"@react-navigation/native"' has no exported member 'RouteProp'.
src/screens/AdsScreen/SellToTraderScreen.tsx(7,35): error TS2305: Module '"@react-navigation/native"' has no exported member 'RouteProp'.
src/screens/auth/OtpScreen.tsx(8,35): error TS2305: Module '"@react-navigation/native"' has no exported member 'RouteProp'.
src/screens/ProfileScreen/EditProfileScreen.tsx(8,10): error TS2305: Module '"../../core/api/auth.api"' has no exported member 'SessionUser'.
src/screens/ProfileScreen/EditProfileScreen.tsx(12,19): error TS2339: Property 'setUser' does not exist on type 'AuthState'.
src/screens/ProfileScreen/ProfileScreen.tsx(14,17): error TS2339: Property 'setTokens' does not exist on type 'AuthState'.
src/screens/ProfileScreen/ProfileScreen.tsx(14,28): error TS2339: Property 'setUser' does not exist on type 'AuthState'.
